<html>
<body>
<pre>
<h1>µVision Build Log</h1>
<h2>Project:</h2>
C:\Users\wx5575\Desktop\UCOS_II_V289\UCOS_II_V289.uvproj
Project File Date:  06/05/2017

<h2>Output:</h2>
Build target 'UCOS_II_V289'
compiling core_cm3.c...
assembling startup_LPC17xx.s...
compiling system_LPC17xx.c...
compiling hello.c...
compiling main.c...
APP\main.c(52): warning:  #177-D: variable "volt" was declared but never referenced
        unsigned char volt[20] = {0};
APP\main.c(53): warning:  #177-D: variable "curr" was declared but never referenced
        unsigned char curr[20] = {0};
APP\main.c: 2 warnings, 0 errors
compiling TaskCorr.c...
APP\TaskCorr.c(81): warning:  #177-D: variable "pTimer0" was declared but never referenced
        OS_TMR *pTimer0 = 0;
APP\TaskCorr.c(82): warning:  #177-D: variable "err" was declared but never referenced
        INT8U err = 0;
APP\TaskCorr.c: 2 warnings, 0 errors
compiling os_tmr.c...
compiling os_core.c...
compiling os_flag.c...
compiling os_mbox.c...
compiling os_mem.c...
compiling os_mutex.c...
compiling os_q.c...
compiling os_sem.c...
compiling os_task.c...
compiling os_time.c...
assembling os_cpu_a.asm...
compiling os_cpu_c.c...
compiling os_dbg.c...
compiling bsp_gpio.c...
compiling bsp_timer.c...
compiling buzzer.c...
compiling EINT.c...
compiling uart.c...
BSP\uart.c(175): warning:  #550-D: variable "LSRValue" was set but never used
        uint8 LSRValue;
BSP\uart.c(176): warning:  #550-D: variable "RBRValue" was set but never used
        uint8 RBRValue;
BSP\uart.c(461): warning:  #177-D: variable "tmp" was declared but never referenced
        uint32 tmp;
BSP\uart.c(51): warning:  #177-D: variable "s_send" was declared but never referenced
  static uint8 s_send = 0;
BSP\uart.c: 4 warnings, 0 errors
compiling key.c...
compiling move.c...
compiling keyfuntion.c...
compiling system_parameter.c...
compiling lcd.c...
compiling stringhandle.c...
compiling datavalue.c...
compiling delay.c...
compiling panel.c...
compiling test.c...
compiling uart_test.c...
compiling at24cxx.c...
compiling readandwrite.c...
compiling resreadandwrite.c...
compiling AD.c...
DEV\AD\AD.c(223): warning:  #177-D: variable "statueReg" was declared but never referenced
      portuBASE_TYPE  statueReg  = 0;
DEV\AD\AD.c(224): warning:  #177-D: variable "value" was declared but never referenced
      portuBASE_TYPE  value      = 0;
DEV\AD\AD.c: 2 warnings, 0 errors
compiling DA.c...
DEV\DA\DA.c(67): warning:  #61-D: integer operation result is out of range
          if(data & (1 << 31))
DEV\DA\DA.c(67): warning:  #68-D: integer conversion resulted in a change of sign
          if(data & (1 << 31))
DEV\DA\DA.c: 2 warnings, 0 errors
linking...
Program Size: Code=37602 RO-data=886 RW-data=2056 ZI-data=10776  
FromELF: creating hex file...
".\Output\obj\UCOS_II_V289.axf" - 0 Error(s), 12 Warning(s).
Load "C:\\Users\\wx5575\\Desktop\\UCOS_II_V289\\Output\\obj\\UCOS_II_V289.axf" 
Set JLink Project File to "C:\Users\wx5575\Desktop\UCOS_II_V289\JLinkSettings.ini"
* JLink Info: Device "LPC1768" selected (512 KB flash, 32 KB RAM).
 
JLink info:
------------
DLL: V4.80g, compiled Feb 13 2014 20:50:02
Firmware: J-Link ARM V8 compiled Nov 28 2014 13:44:46
Hardware: V8.00
S/N : 17935099 
Feature(s) : RDI,FlashDL,FlashBP,JFlash 
 
* JLink Info: TotalIRLen = 4, IRPrint = 0x01
* JLink Info: Found Cortex-M3 r2p0, Little endian.
* JLink Info: FPUnit: 6 code (BP) slots and 2 literal slots
* JLink Info: TPIU fitted.
* JLink Info: ETM fitted.
ROMTableAddr = 0xE00FF003
 
Target info:
------------
Device: LPC1768
VTarget = 3.338V
State of Pins: 
TCK: 1, TDI: 0, TDO: 1, TMS: 0, TRES: 1, TRST: 1
Hardware-Breakpoints: 6
Software-Breakpoints: 8192
Watchpoints:          4
JTAG speed: 2000 kHz
 
Erase Done.
Programming Done.
Verify OK.
Application running ...
</pre>
</body>
</html>
