<html>
<body>
<pre>
<h1>礦ision Build Log</h1>
<h2>Project:</h2>
C:\Users\Administrator\Desktop\版本\UCOS_II_V289\UCOS_II_V289.uvproj
Project File Date:  06/05/2017

<h2>Output:</h2>
Build target 'UCOS_II_V289'
linking...
Program Size: Code=37654 RO-data=882 RW-data=2056 ZI-data=10776  
FromELF: creating hex file...
".\Output\obj\UCOS_II_V289.axf" - 0 Error(s), 0 Warning(s).
Build target 'UCOS_II_V289'
linking...
Program Size: Code=37654 RO-data=882 RW-data=2056 ZI-data=10776  
FromELF: creating hex file...
".\Output\obj\UCOS_II_V289.axf" - 0 Error(s), 0 Warning(s).
Build target 'UCOS_II_V289'
linking...
Program Size: Code=37654 RO-data=882 RW-data=2056 ZI-data=10776  
FromELF: creating hex file...
".\Output\obj\UCOS_II_V289.axf" - 0 Error(s), 0 Warning(s).
Build target 'UCOS_II_V289'
linking...
Program Size: Code=37654 RO-data=882 RW-data=2056 ZI-data=10776  
FromELF: creating hex file...
".\Output\obj\UCOS_II_V289.axf" - 0 Error(s), 0 Warning(s).
Build target 'UCOS_II_V289'
linking...
Program Size: Code=37654 RO-data=882 RW-data=2056 ZI-data=10776  
FromELF: creating hex file...
".\Output\obj\UCOS_II_V289.axf" - 0 Error(s), 0 Warning(s).
Build target 'UCOS_II_V289'
linking...
Program Size: Code=37654 RO-data=882 RW-data=2056 ZI-data=10776  
FromELF: creating hex file...
".\Output\obj\UCOS_II_V289.axf" - 0 Error(s), 0 Warning(s).
Build target 'UCOS_II_V289'
linking...
Program Size: Code=37654 RO-data=882 RW-data=2056 ZI-data=10776  
FromELF: creating hex file...
".\Output\obj\UCOS_II_V289.axf" - 0 Error(s), 0 Warning(s).
Build target 'UCOS_II_V289'
linking...
Program Size: Code=37654 RO-data=882 RW-data=2056 ZI-data=10776  
FromELF: creating hex file...
".\Output\obj\UCOS_II_V289.axf" - 0 Error(s), 0 Warning(s).
Load "C:\\Users\\Administrator\\Desktop\\版本\\UCOS_II_V289\\Output\\obj\\UCOS_II_V289.AXF" 
Build target 'UCOS_II_V289'
linking...
Program Size: Code=37654 RO-data=882 RW-data=2056 ZI-data=10776  
FromELF: creating hex file...
".\Output\obj\UCOS_II_V289.axf" - 0 Error(s), 0 Warning(s).
Load "C:\\Users\\Administrator\\Desktop\\版本\\UCOS_II_V289\\Output\\obj\\UCOS_II_V289.AXF" 
* JLink Info: Device "LPC1768" selected (512 KB flash, 32 KB RAM).
Set JLink Project File to "C:\Users\Administrator\Desktop\版本\UCOS_II_V289\JLinkSettings.ini"
 
JLink info:
------------
DLL: V4.40c, compiled Jan 24 2012 09:30:33
Firmware: J-Link ARM V8 compiled Nov 14 2012 22:34:52
Hardware: V8.00
S/N : 805306163 
Feature(s) : RDI,FlashDL,FlashBP,JFlash,GDBFull 
 
* JLink Info: TotalIRLen = 4, IRPrint = 0x01
* JLink Info: Found Cortex-M3 r2p0, Little endian.
* JLink Info: TPIU fitted.
* JLink Info: ETM fitted.
* JLink Info:   FPUnit: 6 code (BP) slots and 2 literal slots
ROMTableAddr = 0xE00FF003
* JLink Info: TotalIRLen = 4, IRPrint = 0x01
* JLink Info: Found Cortex-M3 r2p0, Little endian.
* JLink Info: TPIU fitted.
* JLink Info: ETM fitted.
* JLink Info:   FPUnit: 6 code (BP) slots and 2 literal slots
* JLink Info: Found Cortex-M3 r2p0, Little endian.
* JLink Info: TPIU fitted.
* JLink Info: ETM fitted.
* JLink Info:   FPUnit: 6 code (BP) slots and 2 literal slots
* JLink Info: SYSRESETREQ has confused core. Trying to reconnect and use VECTRESET.
**JLink Warning: Failed to reset CPU. VECTRESET has confused core.
**JLink Warning: CPU did not halt after reset.
**JLink Warning: CPU could not be halted
* JLink Info: Core did not halt after reset, trying to disable WDT.
**JLink Warning: CPU did not halt after reset.
**JLink Warning: CPU could not be halted
**JLink Warning: CPU did not halt after reset.
**JLink Warning: CPU could not be halted
**JLink Warning: Could not set S_RESET_ST
***JLink Error: Communication timed out: Requested 4 bytes, received 0 bytes !
Could not transfer JTAG data.
Wrong AHB ID (15:3). Expected 0x04770001 (Mask 0x0FFFFF0F), Found 0x00000000
**JLink Warning: CPU could not be halted
 
Target info:
------------
Device: LPC1768
Hardware-Breakpoints: 0
Software-Breakpoints: 0
Watchpoints:          0
JTAG speed: 2000 kHz
 
Cannot setup Breakpoint at Address
Cannot setup Breakpoint at Address
Erase Failed!
