ARM Linker, 5.03 [Build 76] [MDK-ARM Standard]

==============================================================================

Section Cross References

    startup_lpc17xx.o(STACK) refers (Special) to heapauxi.o(.text) for __use_two_region_memory
    startup_lpc17xx.o(HEAP) refers (Special) to heapauxi.o(.text) for __use_two_region_memory
    startup_lpc17xx.o(RESET) refers (Special) to heapauxi.o(.text) for __use_two_region_memory
    startup_lpc17xx.o(RESET) refers to startup_lpc17xx.o(STACK) for __initial_sp
    startup_lpc17xx.o(RESET) refers to startup_lpc17xx.o(.text) for Reset_Handler
    startup_lpc17xx.o(RESET) refers to os_cpu_a.o(OSKernelschedular) for OS_CPU_PendSVHandler
    startup_lpc17xx.o(RESET) refers to os_cpu_c.o(.text) for OS_CPU_SysTickHandler
    startup_lpc17xx.o(RESET) refers to bsp_timer.o(.text) for TIMER0_IRQHandler
    startup_lpc17xx.o(RESET) refers to uart.o(.text) for UART0_IRQHandler
    startup_lpc17xx.o(RESET) refers to ad.o(.text) for SPI_IRQHandler
    startup_lpc17xx.o(RESET) refers to eint.o(.text) for EINT0_IRQHandler
    startup_lpc17xx.o(.ARM.__at_0x02FC) refers (Special) to heapauxi.o(.text) for __use_two_region_memory
    startup_lpc17xx.o(.text) refers (Special) to heapauxi.o(.text) for __use_two_region_memory
    startup_lpc17xx.o(.text) refers to system_lpc17xx.o(.text) for SystemInit
    startup_lpc17xx.o(.text) refers to __main.o(!!!main) for __main
    startup_lpc17xx.o(.text) refers to startup_lpc17xx.o(HEAP) for Heap_Mem
    startup_lpc17xx.o(.text) refers to startup_lpc17xx.o(STACK) for Stack_Mem
    system_lpc17xx.o(.text) refers to system_lpc17xx.o(.data) for SystemFrequency
    main.o(.text) refers to bsp_timer.o(.text) for TimerInit
    main.o(.text) refers to eint.o(.text) for EINT0_Init
    main.o(.text) refers to buzzer.o(.text) for BuzzerInit
    main.o(.text) refers to readandwrite.o(.text) for AT24Cxx_Check
    main.o(.text) refers to lcd.o(.text) for Lcd_Init
    main.o(.text) refers to delay.o(.text) for SoftDelayMs
    main.o(.text) refers to key.o(.text) for Key_Open
    main.o(.text) refers to panel.o(.text) for MainPanel
    main.o(.text) refers to bsp_gpio.o(.text) for BSP_GPIODirectionSet
    main.o(.text) refers to rt_memclr_w.o(.text) for __aeabi_memclr4
    main.o(.text) refers to system_lpc17xx.o(.text) for SystemInit
    main.o(.text) refers to os_core.o(.text) for OSInit
    main.o(.text) refers to os_task.o(.text) for OSTaskCreate
    main.o(.text) refers to main.o(.bss) for TaskStartStk
    main.o(.text) refers to taskcorr.o(.text) for TaskStart
    main.o(.data) refers to main.o(.conststring) for .conststring
    taskcorr.o(.text) refers to os_cpu_c.o(.text) for OS_CPU_SysTickInit
    taskcorr.o(.text) refers to os_task.o(.text) for OSTaskCreate
    taskcorr.o(.text) refers to system_lpc17xx.o(.data) for SystemFrequency
    taskcorr.o(.text) refers to taskcorr.o(.bss) for TaskStk
    taskcorr.o(.data) refers to taskcorr.o(.conststring) for .conststring
    os_tmr.o(.text) refers to os_core.o(.text) for OSSchedLock
    os_tmr.o(.text) refers to os_core.o(.data) for OSTmrFreeList
    os_tmr.o(.text) refers to os_core.o(.bss) for OSTmrWheelTbl
    os_tmr.o(.text) refers to os_sem.o(.text) for OSSemPost
    os_tmr.o(.text) refers to os_task.o(.text) for OSTaskCreateExt
    os_core.o(.text) refers to os_cpu_a.o(OSKernelschedular) for OS_CPU_SR_Save
    os_core.o(.text) refers to os_core.o(.data) for OSIntNesting
    os_core.o(.text) refers to os_core.o(.constdata) for OSUnMapTbl
    os_core.o(.text) refers to os_core.o(.bss) for OSTCBPrioTbl
    os_core.o(.text) refers to os_cpu_c.o(.text) for OSTaskIdleHook
    os_core.o(.text) refers to os_task.o(.text) for OSTaskCreateExt
    os_core.o(.text) refers to os_flag.o(.text) for OS_FlagInit
    os_core.o(.text) refers to os_mem.o(.text) for OS_MemInit
    os_core.o(.text) refers to os_q.o(.text) for OS_QInit
    os_core.o(.text) refers to os_tmr.o(.text) for OSTmr_Init
    os_flag.o(.text) refers to os_cpu_a.o(OSKernelschedular) for OS_CPU_SR_Save
    os_flag.o(.text) refers to os_core.o(.text) for OS_Sched
    os_flag.o(.text) refers to os_core.o(.data) for OSIntNesting
    os_flag.o(.text) refers to os_core.o(.bss) for OSFlagTbl
    os_mbox.o(.text) refers to os_cpu_a.o(OSKernelschedular) for OS_CPU_SR_Save
    os_mbox.o(.text) refers to os_core.o(.text) for OS_EventWaitListInit
    os_mbox.o(.text) refers to os_core.o(.data) for OSIntNesting
    os_mem.o(.text) refers to os_cpu_a.o(OSKernelschedular) for OS_CPU_SR_Save
    os_mem.o(.text) refers to os_core.o(.text) for OS_StrLen
    os_mem.o(.text) refers to os_core.o(.data) for OSMemFreeList
    os_mem.o(.text) refers to os_core.o(.bss) for OSMemTbl
    os_mutex.o(.text) refers to os_cpu_a.o(OSKernelschedular) for OS_CPU_SR_Save
    os_mutex.o(.text) refers to os_core.o(.text) for OS_EventWaitListInit
    os_mutex.o(.text) refers to os_core.o(.data) for OSIntNesting
    os_mutex.o(.text) refers to os_core.o(.bss) for OSTCBPrioTbl
[...]
    .text                                    0x00002914   Section        0  os_sem.o(.text)
    .text                                    0x00002cbc   Section        0  os_task.o(.text)
    .text                                    0x000034ec   Section        0  os_cpu_c.o(.text)
    .text                                    0x00003618   Section        0  bsp_gpio.o(.text)
    BSP_PortPinValidChk                      0x00003619   Thumb Code   332  bsp_gpio.o(.text)
    .text                                    0x00004040   Section        0  bsp_timer.o(.text)
    NVIC_SetPriority                         0x00004041   Thumb Code    32  bsp_timer.o(.text)
    NVIC_EnableIRQ                           0x00004359   Thumb Code    24  bsp_timer.o(.text)
    .text                                    0x000043a0   Section        0  eint.o(.text)
    NVIC_SetPriority                         0x000043a1   Thumb Code    32  eint.o(.text)
    NVIC_EnableIRQ                           0x000044b7   Thumb Code    24  eint.o(.text)
    .text                                    0x000044e8   Section        0  uart.o(.text)
    .text                                    0x00004820   Section        0  key.o(.text)
    .text                                    0x00004a34   Section        0  move.o(.text)
    .text                                    0x00004c3c   Section        0  keyfuntion.o(.text)
    .text                                    0x00005910   Section        0  lcd.o(.text)
    ReadLcdRegister                          0x00005911   Thumb Code   108  lcd.o(.text)
    ReadLcdInstruction                       0x0000597d   Thumb Code    10  lcd.o(.text)
    WriteLcdRegister                         0x00005987   Thumb Code    96  lcd.o(.text)
    .text                                    0x00005b18   Section        0  stringhandle.o(.text)
    .text                                    0x00006000   Section        0  datavalue.o(.text)
    .text                                    0x00006268   Section        0  panel.o(.text)
    .text                                    0x00006374   Section        0  test.o(.text)
    .text                                    0x000065cc   Section        0  readandwrite.o(.text)
    I2CStart                                 0x000065cd   Thumb Code    76  readandwrite.o(.text)
    I2CStop                                  0x00006619   Thumb Code    62  readandwrite.o(.text)
    WaitAck                                  0x00006657   Thumb Code    98  readandwrite.o(.text)
    SendAck                                  0x000066b9   Thumb Code    52  readandwrite.o(.text)
    SendNoAck                                0x000066ed   Thumb Code    52  readandwrite.o(.text)
    I2CSendByte                              0x00006721   Thumb Code    88  readandwrite.o(.text)
    I2CReceiveByte                           0x00006779   Thumb Code   114  readandwrite.o(.text)
    _I2CPageWrite                            0x000067eb   Thumb Code   150  readandwrite.o(.text)
    _I2CSequentialRead                       0x00006881   Thumb Code   156  readandwrite.o(.text)
    I2CInnerAccess                           0x0000698b   Thumb Code   484  readandwrite.o(.text)
    .text                                    0x00006da0   Section        0  ad.o(.text)
    NVIC_SetPriority                         0x00006da1   Thumb Code    32  ad.o(.text)
    NVIC_EnableIRQ                           0x00007119   Thumb Code    24  ad.o(.text)
    .text                                    0x00007178   Section       72  llsdiv.o(.text)
    .text                                    0x000071c0   Section      100  rt_memcpy_w.o(.text)
    .text                                    0x00007224   Section       78  rt_memclr_w.o(.text)
    .text                                    0x00007272   Section      238  lludivv7m.o(.text)
    .text                                    0x00007360   Section        0  _rserrno.o(.text)
    .text                                    0x00007378   Section        8  rt_errno_addr_intlibspace.o(.text)
    .text                                    0x00007380   Section        8  libspace.o(.text)
    .text                                    0x00007388   Section       74  sys_stackheap_outer.o(.text)
    .text                                    0x000073d2   Section        0  exit.o(.text)
    .text                                    0x000073e0   Section        0  sys_exit.o(.text)
    .text                                    0x000073ec   Section        0  indicate_semi.o(.text)
    OSKernelschedular                        0x000073ec   Section      164  os_cpu_a.o(OSKernelschedular)
    i.__ARM_fpclassify                       0x00007490   Section        0  fpclassify.o(i.__ARM_fpclassify)
    i.__kernel_poly                          0x000074b8   Section        0  poly.o(i.__kernel_poly)
    i.__mathlib_dbl_underflow                0x00007564   Section        0  dunder.o(i.__mathlib_dbl_underflow)
    i.pow                                    0x00007574   Section        0  pow.o(i.pow)
    i.sqrt                                   0x00007f54   Section        0  sqrt.o(i.sqrt)
    x$fpl$d2f                                0x00007fa0   Section       98  d2f.o(x$fpl$d2f)
    x$fpl$dadd                               0x00008004   Section      336  daddsub_clz.o(x$fpl$dadd)
    _dadd1                                   0x00008015   Thumb Code     0  daddsub_clz.o(x$fpl$dadd)
    x$fpl$dcheck1                            0x00008154   Section       16  dcheck1.o(x$fpl$dcheck1)
    x$fpl$dcmpinf                            0x00008164   Section       24  dcmpi.o(x$fpl$dcmpinf)
    x$fpl$ddiv                               0x0000817c   Section      688  ddiv.o(x$fpl$ddiv)
    ddiv_entry                               0x00008183   Thumb Code     0  ddiv.o(x$fpl$ddiv)
    x$fpl$dfix                               0x0000842c   Section       94  dfix.o(x$fpl$dfix)
    x$fpl$dfixu                              0x0000848c   Section       90  dfixu.o(x$fpl$dfixu)
    x$fpl$dflt                               0x000084e6   Section       46  dflt_clz.o(x$fpl$dflt)
    x$fpl$dfltu                              0x00008514   Section       38  dflt_clz.o(x$fpl$dfltu)
    x$fpl$dleqf                              0x0000853c   Section      120  dleqf.o(x$fpl$dleqf)
    x$fpl$dmul                               0x000085b4   Section      340  dmul.o(x$fpl$dmul)
    x$fpl$dnaninf                            0x00008708   Section      156  dnaninf.o(x$fpl$dnaninf)
    x$fpl$dretinf                            0x000087a4   Section       12  dretinf.o(x$fpl$dretinf)
    x$fpl$drleqf                             0x000087b0   Section      108  drleqf.o(x$fpl$drleqf)
    x$fpl$drsb                               0x0000881c   Section       22  daddsub_clz.o(x$fpl$drsb)
    x$fpl$dsqrt                              0x00008834   Section      460  dsqrt_noumaal.o(x$fpl$dsqrt)
    x$fpl$dsub                               0x00008a00   Section      468  daddsub_clz.o(x$fpl$dsub)
    _dsub1                                   0x00008a11   Thumb Code     0  daddsub_clz.o(x$fpl$dsub)
    x$fpl$f2d                                0x00008bd4   Section       86  f2d.o(x$fpl$f2d)
    x$fpl$fadd                               0x00008c2c   Section      196  faddsub_clz.o(x$fpl$fadd)
    _fadd1                                   0x00008c3b   Thumb Code     0  faddsub_clz.o(x$fpl$fadd)
    x$fpl$fcmpinf                            0x00008cf0   Section       24  fcmpi.o(x$fpl$fcmpinf)
    x$fpl$fdiv                               0x00008d08   Section      388  fdiv.o(x$fpl$fdiv)
    _fdiv1                                   0x00008d09   Thumb Code     0  fdiv.o(x$fpl$fdiv)
    x$fpl$ffix                               0x00008e8c   Section       54  ffix.o(x$fpl$ffix)
    x$fpl$ffixu                              0x00008ec4   Section       62  ffixu.o(x$fpl$ffixu)
    x$fpl$fflt                               0x00008f04   Section       48  fflt_clz.o(x$fpl$fflt)
    x$fpl$ffltu                              0x00008f34   Section       38  fflt_clz.o(x$fpl$ffltu)
    x$fpl$fleqf                              0x00008f5c   Section      104  fleqf.o(x$fpl$fleqf)
    x$fpl$fmul                               0x00008fc4   Section      258  fmul.o(x$fpl$fmul)
    x$fpl$fnaninf                            0x000090c6   Section      140  fnaninf.o(x$fpl$fnaninf)
    x$fpl$fretinf                            0x00009152   Section       10  fretinf.o(x$fpl$fretinf)
    x$fpl$frleqf                             0x0000915c   Section       98  frleqf.o(x$fpl$frleqf)
    x$fpl$frsb                               0x000091be   Section       20  faddsub_clz.o(x$fpl$frsb)
    x$fpl$fsub                               0x000091d4   Section      234  faddsub_clz.o(x$fpl$fsub)
    _fsub1                                   0x000091e3   Thumb Code     0  faddsub_clz.o(x$fpl$fsub)
    x$fpl$retnan                             0x000092be   Section      100  retnan.o(x$fpl$retnan)
    x$fpl$scalbn                             0x00009322   Section       92  scalbn.o(x$fpl$scalbn)
    x$fpl$trapveneer                         0x0000937e   Section       48  trapv.o(x$fpl$trapveneer)
    .constdata                               0x000093ae   Section      256  os_core.o(.constdata)
    x$fpl$usenofp                            0x000093ae   Section        0  usenofp.o(x$fpl$usenofp)
    .constdata                               0x000094ae   Section       22  key.o(.constdata)
    .constdata                               0x000094c8   Section      136  pow.o(.constdata)
    bp                                       0x000094c8   Data          16  pow.o(.constdata)
    dp_h                                     0x000094d8   Data          16  pow.o(.constdata)
    dp_l                                     0x000094e8   Data          16  pow.o(.constdata)
    L                                        0x000094f8   Data          48  pow.o(.constdata)
    P                                        0x00009528   Data          40  pow.o(.constdata)
    .constdata                               0x00009550   Section        8  qnan.o(.constdata)
    .conststring                             0x00009558   Section      221  keyfuntion.o(.conststring)
    .data                                    0x10000000   Section        4  system_lpc17xx.o(.data)
    .data                                    0x10000004   Section       84  os_core.o(.data)
    .data                                    0x10000058   Section        2  os_cpu_c.o(.data)
    OSTmrCtr                                 0x10000058   Data           2  os_cpu_c.o(.data)
    .data                                    0x1000005a   Section        4  bsp_timer.o(.data)
    keystate                                 0x1000005a   Data           2  bsp_timer.o(.data)
    s_panel                                  0x1000005c   Data           2  bsp_timer.o(.data)
    .data                                    0x1000005e   Section       14  uart.o(.data)
    BaudRate                                 0x1000005e   Data          12  uart.o(.data)
    s_receive                                0x1000006a   Data           1  uart.o(.data)
    s_send                                   0x1000006b   Data           1  uart.o(.data)
    .data                                    0x1000006c   Section        6  key.o(.data)
    keystate                                 0x1000006c   Data           2  key.o(.data)
    s_panel                                  0x1000006e   Data           2  key.o(.data)
    s_row                                    0x10000070   Data           1  key.o(.data)
    s_column                                 0x10000071   Data           1  key.o(.data)
    .data                                    0x10000074   Section      632  keyfuntion.o(.data)
    System_configtitle                       0x10000074   Data          36  keyfuntion.o(.data)
    Pow_reca                                 0x10000098   Data           4  keyfuntion.o(.data)
    Pow_recall                               0x1000009c   Data           5  keyfuntion.o(.data)
    Upp_soud                                 0x100000a4   Data           8  keyfuntion.o(.data)
    Knob_lock                                0x100000ac   Data           8  keyfuntion.o(.data)
    Key_sound                                0x100000b4   Data           8  keyfuntion.o(.data)
    Comm_type                                0x100000bc   Data          12  keyfuntion.o(.data)
    Comm_baud                                0x100000c8   Data          20  keyfuntion.o(.data)
    Comm_addr                                0x100000dc   Data          40  keyfuntion.o(.data)
    Load_defa                                0x10000104   Data           8  keyfuntion.o(.data)
    Exit_save                                0x1000010c   Data           8  keyfuntion.o(.data)
    sys_default                              0x10000114   Data           9  keyfuntion.o(.data)
    Set_configtitle                          0x10000120   Data          12  keyfuntion.o(.data)
    FILE                                     0x1000012c   Data           3  keyfuntion.o(.data)
    STEP                                     0x1000012f   Data           3  keyfuntion.o(.data)
    STEP_RES                                 0x10000132   Data           7  keyfuntion.o(.data)
    s_setvalue                               0x1000013c   Data          12  keyfuntion.o(.data)
    s_resvalue                               0x10000148   Data         396  keyfuntion.o(.data)
    temp2                                    0x100002d4   Data           1  keyfuntion.o(.data)
    KEYVALUE                                 0x100002d8   Data           4  keyfuntion.o(.data)
    s_local                                  0x100002dc   Data           1  keyfuntion.o(.data)
    s_load                                   0x100002dd   Data           1  keyfuntion.o(.data)
    s_systemp                                0x100002de   Data           1  keyfuntion.o(.data)
    datastr                                  0x100002df   Data           7  keyfuntion.o(.data)
    s_dotnum                                 0x100002e6   Data           1  keyfuntion.o(.data)
    s_valnum                                 0x100002e7   Data           1  keyfuntion.o(.data)
    s_panel                                  0x100002e8   Data           2  keyfuntion.o(.data)
    s_display                                0x100002ea   Data           2  keyfuntion.o(.data)
    .data                                    0x100002ec   Section      608  datavalue.o(.data)
    System_configtitle                       0x100002ec   Data          36  datavalue.o(.data)
    Pow_reca                                 0x10000310   Data           4  datavalue.o(.data)
    Pow_recall                               0x10000314   Data           5  datavalue.o(.data)
    Upp_soud                                 0x1000031c   Data           8  datavalue.o(.data)
    Knob_lock                                0x10000324   Data           8  datavalue.o(.data)
    Key_sound                                0x1000032c   Data           8  datavalue.o(.data)
    Comm_type                                0x10000334   Data          12  datavalue.o(.data)
    Comm_baud                                0x10000340   Data          20  datavalue.o(.data)
    Comm_addr                                0x10000354   Data          40  datavalue.o(.data)
    Load_defa                                0x1000037c   Data           8  datavalue.o(.data)
    Exit_save                                0x10000384   Data           8  datavalue.o(.data)
    sys_default                              0x1000038c   Data           9  datavalue.o(.data)
    Set_configtitle                          0x10000398   Data          12  datavalue.o(.data)
    FILE                                     0x100003a4   Data           3  datavalue.o(.data)
    STEP                                     0x100003a7   Data           3  datavalue.o(.data)
    STEP_RES                                 0x100003aa   Data           7  datavalue.o(.data)
    s_setvalue                               0x100003b4   Data          12  datavalue.o(.data)
    s_resvalue                               0x100003c0   Data         396  datavalue.o(.data)
    .data                                    0x1000054c   Section        8  test.o(.data)
    temp2                                    0x1000054c   Data           1  test.o(.data)
    axx                                      0x1000054d   Data           1  test.o(.data)
    temperature                              0x10000550   Data           4  test.o(.data)
    .data                                    0x10000554   Section      678  readandwrite.o(.data)
    temp2                                    0x10000554   Data           1  readandwrite.o(.data)
    System_configtitle                       0x10000558   Data          36  readandwrite.o(.data)
    Pow_reca                                 0x1000057c   Data           4  readandwrite.o(.data)
    Pow_recall                               0x10000580   Data           5  readandwrite.o(.data)
    Upp_soud                                 0x10000588   Data           8  readandwrite.o(.data)
    Knob_lock                                0x10000590   Data           8  readandwrite.o(.data)
    Key_sound                                0x10000598   Data           8  readandwrite.o(.data)
    Comm_type                                0x100005a0   Data          12  readandwrite.o(.data)
    Comm_baud                                0x100005ac   Data          20  readandwrite.o(.data)
    Comm_addr                                0x100005c0   Data          40  readandwrite.o(.data)
    Load_defa                                0x100005e8   Data           8  readandwrite.o(.data)
    Exit_save                                0x100005f0   Data           8  readandwrite.o(.data)
    sys_default                              0x100005f8   Data           9  readandwrite.o(.data)
    Set_configtitle                          0x10000604   Data          12  readandwrite.o(.data)
    FILE                                     0x10000610   Data           3  readandwrite.o(.data)
    STEP                                     0x10000613   Data           3  readandwrite.o(.data)
    STEP_RES                                 0x10000616   Data           7  readandwrite.o(.data)
    s_setvalue                               0x10000620   Data          12  readandwrite.o(.data)
    s_resvalue                               0x1000062c   Data         396  readandwrite.o(.data)
    curr_proc_dev_index                      0x100007b8   Data           1  readandwrite.o(.data)
    curr_dev_type                            0x100007b9   Data           1  readandwrite.o(.data)
    t_AT24CXXPhyInfo                         0x100007ba   Data          60  readandwrite.o(.data)
    .data                                    0x100007fc   Section       12  ad.o(.data)
    s_ADValCnt                               0x100007fc   Data           4  ad.o(.data)
    s_ADSampleCompletedFlg                   0x10000800   Data           1  ad.o(.data)
    times                                    0x10000804   Data           4  ad.o(.data)
    .bss                                     0x10000808   Section     2256  main.o(.bss)
    systemvalue                              0x10000808   Data           9  main.o(.bss)
    s_file_addr                              0x10000812   Data         198  main.o(.bss)
    .bss                                     0x100010d8   Section     2256  taskcorr.o(.bss)
    systemvalue                              0x100010d8   Data           9  taskcorr.o(.bss)
    s_file_addr                              0x100010e2   Data         198  taskcorr.o(.bss)
    .bss                                     0x100019a8   Section     4368  os_core.o(.bss)
    .bss                                     0x10002ab8   Section       64  uart.o(.bss)
    s_buffer                                 0x10002ab8   Data          64  uart.o(.bss)
    .bss                                     0x10002af8   Section      384  keyfuntion.o(.bss)
    systemvalue                              0x10002af8   Data           9  keyfuntion.o(.bss)
    s_file_addr                              0x10002b02   Data         198  keyfuntion.o(.bss)
    .bss                                     0x10002c78   Section      208  datavalue.o(.bss)
    systemvalue                              0x10002c78   Data           9  datavalue.o(.bss)
    s_file_addr                              0x10002c82   Data         198  datavalue.o(.bss)
    .bss                                     0x10002d48   Section      220  readandwrite.o(.bss)
    systemvalue                              0x10002d48   Data           9  readandwrite.o(.bss)
    s_file_addr                              0x10002d52   Data         198  readandwrite.o(.bss)
    t_I2CCtrlInfo                            0x10002e18   Data          12  readandwrite.o(.bss)
    .bss                                     0x10002e24   Section      410  ad.o(.bss)
    s_InternalADVal                          0x10002fb4   Data          10  ad.o(.bss)
    .bss                                     0x10002fc0   Section       96  libspace.o(.bss)
    HEAP                                     0x10003020   Section        0  startup_lpc17xx.o(HEAP)
    STACK                                    0x10003020   Section      512  startup_lpc17xx.o(STACK)
    Heap_Mem                                 0x10003020   Data           0  startup_lpc17xx.o(HEAP)
    Stack_Mem                                0x10003020   Data         512  startup_lpc17xx.o(STACK)
    __initial_sp                             0x10003220   Data           0  startup_lpc17xx.o(STACK)

    Global Symbols

    Symbol Name                              Value     Ov Type        Size  Object(Section)

    BuildAttributes$$THM_ISAv4$P$D$K$B$S$PE$A:L22UL41UL21$X:L11$S22US41US21$IEEE1$IW$USESV6$~STKCKD$USESV7$~SHL$OTIME$ROPI$IEEEX$EBA8$UX$STANDARDLIB$REQ8$PRES8$EABIv2 0x00000000   Number         0  anon$$obj.o ABSOLUTE
    __ARM_use_no_argv                        0x00000000   Number         0  main.o ABSOLUTE
    __Vectors                                0x00000000   Data           4  startup_lpc17xx.o(RESET)
    __ARM_exceptions_init                     - Undefined Weak Reference
    __alloca_initialize                       - Undefined Weak Reference
    __cpp_initialize__aeabi_                  - Undefined Weak Reference
    __cxa_finalize                            - Undefined Weak Reference
    __rt_locale                               - Undefined Weak Reference
    __sigvec_lookup                           - Undefined Weak Reference
    _atexit_init                              - Undefined Weak Reference
    _call_atexit_fns                          - Undefined Weak Reference
    _clock_init                               - Undefined Weak Reference
    _fp_trap_init                             - Undefined Weak Reference
    _fp_trap_shutdown                         - Undefined Weak Reference
    _get_lc_collate                           - Undefined Weak Reference
    _get_lc_ctype                             - Undefined Weak Reference
    _get_lc_monetary                          - Undefined Weak Reference
    _get_lc_numeric                           - Undefined Weak Reference
    _get_lc_time                              - Undefined Weak Reference
    _getenv_init                              - Undefined Weak Reference
    _handle_redirection                       - Undefined Weak Reference
    _init_alloc                               - Undefined Weak Reference
    _init_user_alloc                          - Undefined Weak Reference
    _initio                                   - Undefined Weak Reference
    _rand_init                                - Undefined Weak Reference
    _signal_finish                            - Undefined Weak Reference
    _signal_init                              - Undefined Weak Reference
    _terminate_alloc                          - Undefined Weak Reference
    _terminate_user_alloc                     - Undefined Weak Reference
    _terminateio                              - Undefined Weak Reference
    __main                                   0x000000cd   Thumb Code     8  __main.o(!!!main)
    __scatterload                            0x000000d5   Thumb Code     0  __scatter.o(!!!scatter)
    __scatterload_rt2                        0x000000d5   Thumb Code    44  __scatter.o(!!!scatter)
    __scatterload_rt2_thumb_only             0x000000d5   Thumb Code     0  __scatter.o(!!!scatter)
    __scatterload_null                       0x000000e3   Thumb Code     0  __scatter.o(!!!scatter)
    __decompress                             0x00000109   Thumb Code    90  __dczerorl2.o(!!dczerorl2)
    __decompress1                            0x00000109   Thumb Code     0  __dczerorl2.o(!!dczerorl2)
    __scatterload_zeroinit                   0x00000165   Thumb Code    28  __scatter_zi.o(!!handler_zi)
    __rt_lib_init                            0x00000181   Thumb Code     0  libinit.o(.ARM.Collect$$libinit$$00000000)
    __rt_lib_init_alloca_1                   0x00000183   Thumb Code     0  libinit2.o(.ARM.Collect$$libinit$$0000002C)
    __rt_lib_init_argv_1                     0x00000183   Thumb Code     0  libinit2.o(.ARM.Collect$$libinit$$0000002A)
    __rt_lib_init_atexit_1                   0x00000183   Thumb Code     0  libinit2.o(.ARM.Collect$$libinit$$00000019)
    __rt_lib_init_clock_1                    0x00000183   Thumb Code     0  libinit2.o(.ARM.Collect$$libinit$$0000001F)
    __rt_lib_init_cpp_1                      0x00000183   Thumb Code     0  libinit2.o(.ARM.Collect$$libinit$$00000030)
    __rt_lib_init_exceptions_1               0x00000183   Thumb Code     0  libinit2.o(.ARM.Collect$$libinit$$0000002E)
    __rt_lib_init_fp_1                       0x00000183   Thumb Code     0  libinit2.o(.ARM.Collect$$libinit$$00000002)
    __rt_lib_init_fp_trap_1                  0x00000183   Thumb Code     0  libinit2.o(.ARM.Collect$$libinit$$0000001D)
    __rt_lib_init_getenv_1                   0x00000183   Thumb Code     0  libinit2.o(.ARM.Collect$$libinit$$00000021)
    __rt_lib_init_heap_1                     0x00000183   Thumb Code     0  libinit2.o(.ARM.Collect$$libinit$$00000008)
    __rt_lib_init_lc_collate_1               0x00000183   Thumb Code     0  libinit2.o(.ARM.Collect$$libinit$$0000000F)
    __rt_lib_init_lc_ctype_1                 0x00000183   Thumb Code     0  libinit2.o(.ARM.Collect$$libinit$$00000011)
    __rt_lib_init_lc_monetary_1              0x00000183   Thumb Code     0  libinit2.o(.ARM.Collect$$libinit$$00000013)
    __rt_lib_init_lc_numeric_1               0x00000183   Thumb Code     0  libinit2.o(.ARM.Collect$$libinit$$00000015)
    __rt_lib_init_lc_time_1                  0x00000183   Thumb Code     0  libinit2.o(.ARM.Collect$$libinit$$00000017)
    __rt_lib_init_rand_1                     0x00000183   Thumb Code     0  libinit2.o(.ARM.Collect$$libinit$$0000000C)
    __rt_lib_init_return                     0x00000183   Thumb Code     0  libinit2.o(.ARM.Collect$$libinit$$00000031)
    __rt_lib_init_signal_1                   0x00000183   Thumb Code     0  libinit2.o(.ARM.Collect$$libinit$$0000001B)
    __rt_lib_init_stdio_1                    0x00000183   Thumb Code     0  libinit2.o(.ARM.Collect$$libinit$$00000023)
    __rt_lib_init_user_alloc_1               0x00000183   Thumb Code     0  libinit2.o(.ARM.Collect$$libinit$$0000000A)
    __rt_lib_shutdown                        0x00000185   Thumb Code     0  libshutdown.o(.ARM.Collect$$libshutdown$$00000000)
    __rt_lib_shutdown_fp_trap_1              0x00000187   Thumb Code     0  libshutdown2.o(.ARM.Collect$$libshutdown$$00000006)
    __rt_lib_shutdown_heap_1                 0x00000187   Thumb Code     0  libshutdown2.o(.ARM.Collect$$libshutdown$$0000000E)
    __rt_lib_shutdown_return                 0x00000187   Thumb Code     0  libshutdown2.o(.ARM.Collect$$libshutdown$$0000000F)
    __rt_lib_shutdown_signal_1               0x00000187   Thumb Code     0  libshutdown2.o(.ARM.Collect$$libshutdown$$00000009)
    __rt_lib_shutdown_stdio_1                0x00000187   Thumb Code     0  libshutdown2.o(.ARM.Collect$$libshutdown$$00000003)
    __rt_lib_shutdown_user_alloc_1           0x00000187   Thumb Code     0  libshutdown2.o(.ARM.Collect$$libshutdown$$0000000B)
    __rt_entry                               0x00000189   Thumb Code     0  rtentry.o(.ARM.Collect$$rtentry$$00000000)
    __rt_entry_presh_1                       0x00000189   Thumb Code     0  rtentry2.o(.ARM.Collect$$rtentry$$00000002)
    __rt_entry_sh                            0x00000189   Thumb Code     0  rtentry4.o(.ARM.Collect$$rtentry$$00000004)
    __rt_entry_li                            0x0000018f   Thumb Code     0  rtentry2.o(.ARM.Collect$$rtentry$$0000000A)
    __rt_entry_postsh_1                      0x0000018f   Thumb Code     0  rtentry2.o(.ARM.Collect$$rtentry$$00000009)
    __rt_entry_main                          0x00000193   Thumb Code     0  rtentry2.o(.ARM.Collect$$rtentry$$0000000D)
    __rt_entry_postli_1                      0x00000193   Thumb Code     0  rtentry2.o(.ARM.Collect$$rtentry$$0000000C)
    __rt_exit                                0x0000019b   Thumb Code     0  rtexit.o(.ARM.Collect$$rtexit$$00000000)
    __rt_exit_ls                             0x0000019d   Thumb Code     0  rtexit2.o(.ARM.Collect$$rtexit$$00000003)
    __rt_exit_prels_1                        0x0000019d   Thumb Code     0  rtexit2.o(.ARM.Collect$$rtexit$$00000002)
    __rt_exit_exit                           0x000001a1   Thumb Code     0  rtexit2.o(.ARM.Collect$$rtexit$$00000004)
    Reset_Handler                            0x000001a9   Thumb Code     8  startup_lpc17xx.o(.text)
    NMI_Handler                              0x000001b1   Thumb Code     2  startup_lpc17xx.o(.text)
    HardFault_Handler                        0x000001b3   Thumb Code     2  startup_lpc17xx.o(.text)
    MemManage_Handler                        0x000001b5   Thumb Code     2  startup_lpc17xx.o(.text)
    BusFault_Handler                         0x000001b7   Thumb Code     2  startup_lpc17xx.o(.text)
    UsageFault_Handler                       0x000001b9   Thumb Code     2  startup_lpc17xx.o(.text)
    SVC_Handler                              0x000001bb   Thumb Code     2  startup_lpc17xx.o(.text)
    DebugMon_Handler                         0x000001bd   Thumb Code     2  startup_lpc17xx.o(.text)
    BOD_IRQHandler                           0x000001c3   Thumb Code     0  startup_lpc17xx.o(.text)
    CANActivity_IRQHandler                   0x000001c3   Thumb Code     0  startup_lpc17xx.o(.text)
    CAN_IRQHandler                           0x000001c3   Thumb Code     0  startup_lpc17xx.o(.text)
    DMA_IRQHandler                           0x000001c3   Thumb Code     0  startup_lpc17xx.o(.text)
    ENET_IRQHandler                          0x000001c3   Thumb Code     0  startup_lpc17xx.o(.text)
    I2C0_IRQHandler                          0x000001c3   Thumb Code     0  startup_lpc17xx.o(.text)
    I2C1_IRQHandler                          0x000001c3   Thumb Code     0  startup_lpc17xx.o(.text)
    I2C2_IRQHandler                          0x000001c3   Thumb Code     0  startup_lpc17xx.o(.text)
    I2S_IRQHandler                           0x000001c3   Thumb Code     0  startup_lpc17xx.o(.text)
    MCPWM_IRQHandler                         0x000001c3   Thumb Code     0  startup_lpc17xx.o(.text)
    PLL0_IRQHandler                          0x000001c3   Thumb Code     0  startup_lpc17xx.o(.text)
    PLL1_IRQHandler                          0x000001c3   Thumb Code     0  startup_lpc17xx.o(.text)
    PWM1_IRQHandler                          0x000001c3   Thumb Code     0  startup_lpc17xx.o(.text)
    QEI_IRQHandler                           0x000001c3   Thumb Code     0  startup_lpc17xx.o(.text)
    RIT_IRQHandler                           0x000001c3   Thumb Code     0  startup_lpc17xx.o(.text)
    RTC_IRQHandler                           0x000001c3   Thumb Code     0  startup_lpc17xx.o(.text)
    SSP0_IRQHandler                          0x000001c3   Thumb Code     0  startup_lpc17xx.o(.text)
    SSP1_IRQHandler                          0x000001c3   Thumb Code     0  startup_lpc17xx.o(.text)
    UART1_IRQHandler                         0x000001c3   Thumb Code     0  startup_lpc17xx.o(.text)
    UART2_IRQHandler                         0x000001c3   Thumb Code     0  startup_lpc17xx.o(.text)
    UART3_IRQHandler                         0x000001c3   Thumb Code     0  startup_lpc17xx.o(.text)
    USBActivity_IRQHandler                   0x000001c3   Thumb Code     0  startup_lpc17xx.o(.text)
    USB_IRQHandler                           0x000001c3   Thumb Code     0  startup_lpc17xx.o(.text)
    WDT_IRQHandler                           0x000001c3   Thumb Code     0  startup_lpc17xx.o(.text)
    __user_initial_stackheap                 0x000001c5   Thumb Code     0  startup_lpc17xx.o(.text)
    Opera_Task                               0x000001e5   Thumb Code     2  taskcorr.o(.text)
    TaskStart                                0x000001e7   Thumb Code    46  taskcorr.o(.text)
    BuzzerInit                               0x0000021d   Thumb Code    16  buzzer.o(.text)
    Buzzer_Off                               0x0000022d   Thumb Code    14  buzzer.o(.text)
    Buzzer_On                                0x0000023b   Thumb Code    14  buzzer.o(.text)
    SoftDelayMs                              0x00000249   Thumb Code    30  delay.o(.text)
    SoftDelayUs                              0x00000267   Thumb Code    16  delay.o(.text)
    GetAndSet                                0x00000277   Thumb Code    64  resreadandwrite.o(.text)
    strlen                                   0x000002b7   Thumb Code    62  strlen.o(.text)
    __use_two_region_memory                  0x000002f5   Thumb Code     2  heapauxi.o(.text)
    __rt_heap_escrow$2region                 0x000002f7   Thumb Code     2  heapauxi.o(.text)
    __rt_heap_expand$2region                 0x000002f9   Thumb Code     2  heapauxi.o(.text)
    __I$use$semihosting                      0x000002fb   Thumb Code     0  use_no_semi.o(.text)
    __use_no_semihosting_swi                 0x000002fb   Thumb Code     2  use_no_semi.o(.text)
    SystemInit                               0x00000301   Thumb Code   230  system_lpc17xx.o(.text)
    SystemClockUpdate                        0x000003e7   Thumb Code   320  system_lpc17xx.o(.text)
    EquipmentInit                            0x00000579   Thumb Code    86  main.o(.text)
    TestCtrlPortInit                         0x000005cf   Thumb Code   352  main.o(.text)
    main                                     0x0000072f   Thumb Code    58  main.o(.text)
    OSTmrCreate                              0x000007a3   Thumb Code    96  os_tmr.o(.text)
    OSTmrDel                                 0x0000087b   Thumb Code   124  os_tmr.o(.text)
    OSTmrNameGet                             0x000008f7   Thumb Code   114  os_tmr.o(.text)
    OSTmrRemainGet                           0x00000969   Thumb Code   164  os_tmr.o(.text)
    OSTmrStateGet                            0x00000a0d   Thumb Code    86  os_tmr.o(.text)
    OSTmrStart                               0x00000ac7   Thumb Code   128  os_tmr.o(.text)
    OSTmrStop                                0x00000b47   Thumb Code   210  os_tmr.o(.text)
    OSTmrSignal                              0x00000c19   Thumb Code    16  os_tmr.o(.text)
    OSTmr_Init                               0x00000ccb   Thumb Code   150  os_tmr.o(.text)
    OS_StrLen                                0x00000dc9   Thumb Code    20  os_core.o(.text)
    OSEventNameGet                           0x00000ddd   Thumb Code    98  os_core.o(.text)
    OSEventNameSet                           0x00000e3f   Thumb Code    84  os_core.o(.text)
    OS_EventTaskRemoveMulti                  0x00000e93   Thumb Code    60  os_core.o(.text)
    OS_Sched                                 0x00000ee9   Thumb Code    88  os_core.o(.text)
    OS_EventTaskWaitMulti                    0x00000f41   Thumb Code   136  os_core.o(.text)
    OSEventPendMulti                         0x00000fc9   Thumb Code   710  os_core.o(.text)
    OS_TaskIdle                              0x0000128f   Thumb Code    32  os_core.o(.text)
    OS_MemClr                                0x000012e3   Thumb Code    18  os_core.o(.text)
    OSInit                                   0x000013c7   Thumb Code    48  os_core.o(.text)
    OSIntEnter                               0x000013f7   Thumb Code    28  os_core.o(.text)
    OSIntExit                                0x00001413   Thumb Code   112  os_core.o(.text)
    OSSchedLock                              0x00001483   Thumb Code    50  os_core.o(.text)
    OSSchedUnlock                            0x000014b5   Thumb Code    82  os_core.o(.text)
    OSStart                                  0x00001507   Thumb Code    48  os_core.o(.text)
    OSTimeTick                               0x00001537   Thumb Code   326  os_core.o(.text)
    OSVersion                                0x0000167d   Thumb Code     6  os_core.o(.text)
    OS_Dummy                                 0x00001683   Thumb Code     2  os_core.o(.text)
    OS_EventTaskRemove                       0x00001685   Thumb Code    42  os_core.o(.text)
    OS_EventTaskRdy                          0x000016af   Thumb Code   132  os_core.o(.text)
    OS_EventTaskWait                         0x00001733   Thumb Code   112  os_core.o(.text)
    OS_EventWaitListInit                     0x000017a3   Thumb Code    28  os_core.o(.text)
    OS_MemCopy                               0x000017bf   Thumb Code    20  os_core.o(.text)
    OS_TaskStatStkChk                        0x000017d3   Thumb Code    54  os_core.o(.text)
    OS_TCBInit                               0x00001809   Thumb Code   296  os_core.o(.text)
    OSFlagAccept                             0x00001951   Thumb Code   252  os_flag.o(.text)
    OSFlagCreate                             0x00001a4d   Thumb Code    86  os_flag.o(.text)
    OS_FlagUnlink                            0x00001aa3   Thumb Code    36  os_flag.o(.text)
    OSFlagDel                                0x00001b27   Thumb Code   214  os_flag.o(.text)
    OSFlagNameGet                            0x00001bfd   Thumb Code    80  os_flag.o(.text)
    OSFlagNameSet                            0x00001c4d   Thumb Code    66  os_flag.o(.text)
    OSFlagPend                               0x00001d27   Thumb Code   614  os_flag.o(.text)
    OSFlagPendGetFlagsRdy                    0x00001f8d   Thumb Code    26  os_flag.o(.text)
    OSFlagPost                               0x00001fa7   Thumb Code   312  os_flag.o(.text)
    OSFlagQuery                              0x000020df   Thumb Code    48  os_flag.o(.text)
    OS_FlagInit                              0x0000210f   Thumb Code    64  os_flag.o(.text)
    OSMemCreate                              0x0000215d   Thumb Code   114  os_mem.o(.text)
    OSMemGet                                 0x000021cf   Thumb Code    62  os_mem.o(.text)
    OSMemNameGet                             0x0000220d   Thumb Code    60  os_mem.o(.text)
    OSMemNameSet                             0x00002249   Thumb Code    48  os_mem.o(.text)
    OSMemPut                                 0x00002279   Thumb Code    54  os_mem.o(.text)
    OSMemQuery                               0x000022af   Thumb Code    52  os_mem.o(.text)
    OS_MemInit                               0x000022e3   Thumb Code    60  os_mem.o(.text)
    OSQAccept                                0x00002331   Thumb Code    88  os_q.o(.text)
    OSQCreate                                0x00002389   Thumb Code   144  os_q.o(.text)
    OSQDel                                   0x00002419   Thumb Code   244  os_q.o(.text)
    OSQFlush                                 0x0000250d   Thumb Code    36  os_q.o(.text)
    OSQPend                                  0x00002531   Thumb Code   278  os_q.o(.text)
    OSQPendAbort                             0x00002647   Thumb Code   128  os_q.o(.text)
    OSQPost                                  0x000026c7   Thumb Code   114  os_q.o(.text)
    OSQPostFront                             0x00002739   Thumb Code   142  os_q.o(.text)
    OSQPostOpt                               0x000027c7   Thumb Code   182  os_q.o(.text)
    OSQQuery                                 0x0000287d   Thumb Code    98  os_q.o(.text)
    OS_QInit                                 0x000028df   Thumb Code    46  os_q.o(.text)
    OSSemAccept                              0x00002915   Thumb Code    42  os_sem.o(.text)
    OSSemCreate                              0x0000293f   Thumb Code    72  os_sem.o(.text)
    OSSemDel                                 0x00002987   Thumb Code   210  os_sem.o(.text)
    OSSemPend                                0x00002a59   Thumb Code   228  os_sem.o(.text)
    OSSemPendAbort                           0x00002b3d   Thumb Code   128  os_sem.o(.text)
    OSSemPost                                0x00002bbd   Thumb Code    88  os_sem.o(.text)
    OSSemQuery                               0x00002c15   Thumb Code    82  os_sem.o(.text)
    OSSemSet                                 0x00002c67   Thumb Code    66  os_sem.o(.text)
    OSTaskChangePrio                         0x00002cbd   Thumb Code   396  os_task.o(.text)
    OSTaskCreate                             0x00002e49   Thumb Code   148  os_task.o(.text)
    OS_TaskStkClr                            0x00002edd   Thumb Code    26  os_task.o(.text)
    OSTaskCreateExt                          0x00002ef7   Thumb Code   170  os_task.o(.text)
    OSTaskDel                                0x00002fa1   Thumb Code   352  os_task.o(.text)
    OSTaskDelReq                             0x00003101   Thumb Code   100  os_task.o(.text)
    OSTaskNameGet                            0x00003165   Thumb Code   114  os_task.o(.text)
    OSTaskNameSet                            0x000031d7   Thumb Code    98  os_task.o(.text)
    OSTaskResume                             0x00003239   Thumb Code   160  os_task.o(.text)
    OSTaskStkChk                             0x000032d9   Thumb Code   132  os_task.o(.text)
    OSTaskSuspend                            0x0000335d   Thumb Code   152  os_task.o(.text)
    OSTaskQuery                              0x000033f5   Thumb Code    82  os_task.o(.text)
    OSTaskRegGet                             0x00003447   Thumb Code    60  os_task.o(.text)
    OSTaskRegSet                             0x00003483   Thumb Code    62  os_task.o(.text)
    OS_TaskReturn                            0x000034c1   Thumb Code    18  os_task.o(.text)
    OSInitHookBegin                          0x000034ed   Thumb Code     8  os_cpu_c.o(.text)
    OSInitHookEnd                            0x000034f5   Thumb Code     2  os_cpu_c.o(.text)
    OSTaskCreateHook                         0x000034f7   Thumb Code     2  os_cpu_c.o(.text)
    OSTaskDelHook                            0x000034f9   Thumb Code     2  os_cpu_c.o(.text)
    OSTaskIdleHook                           0x000034fb   Thumb Code     2  os_cpu_c.o(.text)
    OSTaskReturnHook                         0x000034fd   Thumb Code     2  os_cpu_c.o(.text)
    OSTaskStatHook                           0x000034ff   Thumb Code     2  os_cpu_c.o(.text)
    OSTaskStkInit                            0x00003501   Thumb Code   152  os_cpu_c.o(.text)
    OSTaskSwHook                             0x00003599   Thumb Code     2  os_cpu_c.o(.text)
    OSTCBInitHook                            0x0000359b   Thumb Code     2  os_cpu_c.o(.text)
    OSTimeTickHook                           0x0000359d   Thumb Code    30  os_cpu_c.o(.text)
    OS_CPU_SysTickHandler                    0x000035bb   Thumb Code    34  os_cpu_c.o(.text)
    OS_CPU_SysTickInit                       0x000035dd   Thumb Code    42  os_cpu_c.o(.text)
    BSP_GPIOIntEnable                        0x00003765   Thumb Code   138  bsp_gpio.o(.text)
    BSP_GPIOIntDisable                       0x000037ef   Thumb Code   128  bsp_gpio.o(.text)
    BSP_GPIOIntStausGet                      0x0000386f   Thumb Code   120  bsp_gpio.o(.text)
    BSP_GPIOIntClear                         0x000038e7   Thumb Code    84  bsp_gpio.o(.text)
    BSP_GPIODirectionSet                     0x0000393b   Thumb Code  1190  bsp_gpio.o(.text)
    BSP_GPIOInit                             0x00003de1   Thumb Code    44  bsp_gpio.o(.text)
    BSP_GPIOValueSet                         0x00003e0d   Thumb Code   164  bsp_gpio.o(.text)
    BSP_GPIOValueGet                         0x00003eb1   Thumb Code    88  bsp_gpio.o(.text)
    BSP_GPIOPortValueSet                     0x00003f09   Thumb Code    72  bsp_gpio.o(.text)
    BSP_GPIOPortValueGet                     0x00003f51   Thumb Code    88  bsp_gpio.o(.text)
    BSP_GPIOPortDDRGet                       0x00003fa9   Thumb Code    70  bsp_gpio.o(.text)
    BSP_GPIOPortDDRSet                       0x00003fef   Thumb Code    72  bsp_gpio.o(.text)
    TimerInit                                0x00004061   Thumb Code   266  bsp_timer.o(.text)
    PWMInit                                  0x0000416b   Thumb Code   124  bsp_timer.o(.text)
    PWMStart                                 0x000041e7   Thumb Code    16  bsp_timer.o(.text)
    PWMClose                                 0x000041f7   Thumb Code    16  bsp_timer.o(.text)
    TIMER0_IRQHandler                        0x00004207   Thumb Code   118  bsp_timer.o(.text)
    TIMER1_IRQHandler                        0x0000427d   Thumb Code    14  bsp_timer.o(.text)
    TIMER2_IRQHandler                        0x0000428b   Thumb Code    14  bsp_timer.o(.text)
    TIMER3_IRQHandler                        0x00004299   Thumb Code    14  bsp_timer.o(.text)
    TimerStart                               0x000042a7   Thumb Code    68  bsp_timer.o(.text)
    TimerClose                               0x000042eb   Thumb Code    68  bsp_timer.o(.text)
    BSP_PWMDutySet                           0x0000432f   Thumb Code    42  bsp_timer.o(.text)
    EINT0_Init                               0x000043c1   Thumb Code    66  eint.o(.text)
    EINT1_Init                               0x00004403   Thumb Code    66  eint.o(.text)
    EINT3_Init                               0x00004445   Thumb Code    66  eint.o(.text)
    EINT0_IRQHandler                         0x00004487   Thumb Code    16  eint.o(.text)
    EINT1_IRQHandler                         0x00004497   Thumb Code    16  eint.o(.text)
    EINT3_IRQHandler                         0x000044a7   Thumb Code    16  eint.o(.text)
    UART0_IRQHandler                         0x000044e9   Thumb Code   112  uart.o(.text)
    UartInit                                 0x00004559   Thumb Code   168  uart.o(.text)
    UartOnOff                                0x00004601   Thumb Code    54  uart.o(.text)
    UartReceive                              0x00004637   Thumb Code    40  uart.o(.text)
    Uart_Send                                0x0000465f   Thumb Code    40  uart.o(.text)
    COM_Sel                                  0x00004687   Thumb Code   112  uart.o(.text)
    RT_Test                                  0x000046f7   Thumb Code    46  uart.o(.text)
    TX_Test                                  0x00004725   Thumb Code    44  uart.o(.text)
    UART0_Init                               0x00004751   Thumb Code   166  uart.o(.text)
    Key_Scan                                 0x00004821   Thumb Code   280  key.o(.text)
    Key_Open                                 0x00004939   Thumb Code   222  key.o(.text)
    UpAndDown_One                            0x00004a35   Thumb Code   462  move.o(.text)
    LeftAndRight_One                         0x00004c03   Thumb Code    48  move.o(.text)
    UpAndDown_Two                            0x00004c33   Thumb Code     6  move.o(.text)
    InfoValue                                0x00004c3d   Thumb Code   464  keyfuntion.o(.text)
    NumSet                                   0x00004e0d   Thumb Code   262  keyfuntion.o(.text)
    ClearString_One                          0x00004f13   Thumb Code    22  keyfuntion.o(.text)
    SetEdit                                  0x00004f29   Thumb Code   762  keyfuntion.o(.text)
    KeyFunction                              0x00005223   Thumb Code  1640  keyfuntion.o(.text)
    ReadKeyValue                             0x0000588b   Thumb Code     6  keyfuntion.o(.text)
    WriteKeyValue                            0x00005891   Thumb Code     6  keyfuntion.o(.text)
    Read_Local                               0x00005897   Thumb Code     6  keyfuntion.o(.text)
    Reversal_Local                           0x0000589d   Thumb Code    24  keyfuntion.o(.text)
    Read_Load                                0x000058b5   Thumb Code     6  keyfuntion.o(.text)
    Reversal_Load                            0x000058bb   Thumb Code    72  keyfuntion.o(.text)
    ReadPanel                                0x00005903   Thumb Code     6  keyfuntion.o(.text)
    WriteLcdInstruction                      0x000059e7   Thumb Code    38  lcd.o(.text)
    WriteLcdData                             0x00005a0d   Thumb Code    38  lcd.o(.text)
    LCD_Write                                0x00005a33   Thumb Code    42  lcd.o(.text)
    Lcd_Init                                 0x00005a5d   Thumb Code   108  lcd.o(.text)
    Lcd_Open                                 0x00005ac9   Thumb Code    30  lcd.o(.text)
    LCD_Empty                                0x00005ae7   Thumb Code    36  lcd.o(.text)
    LCD_Clear                                0x00005b0b   Thumb Code    10  lcd.o(.text)
    IntToStr                                 0x00005b19   Thumb Code   306  stringhandle.o(.text)
    FloatToStr                               0x00005c4b   Thumb Code   234  stringhandle.o(.text)
    StrToFloat                               0x00005d35   Thumb Code   386  stringhandle.o(.text)
    StrToUint                                0x00005eb7   Thumb Code   182  stringhandle.o(.text)
    LIB_Get10nData                           0x00005f6d   Thumb Code    20  stringhandle.o(.text)
    LIB_DataSplit                            0x00005f81   Thumb Code    48  stringhandle.o(.text)
    LIB_ConvertNmubToChar                    0x00005fb1   Thumb Code    22  stringhandle.o(.text)
    LIB_StrInsert                            0x00005fc7   Thumb Code    58  stringhandle.o(.text)
    ReadSystemPara                           0x00006001   Thumb Code    32  datavalue.o(.text)
    WriteSystemPara                          0x00006021   Thumb Code    50  datavalue.o(.text)
    Write_FILEvalue                          0x00006053   Thumb Code    34  datavalue.o(.text)
    Read_FILEvalue                           0x00006075   Thumb Code     4  datavalue.o(.text)
    Write_STEPvalue                          0x00006079   Thumb Code    34  datavalue.o(.text)
    Read_STEPvalue                           0x0000609b   Thumb Code     4  datavalue.o(.text)
    Write_RESvalue                           0x0000609f   Thumb Code   124  datavalue.o(.text)
    Read_RESvalue                            0x0000611b   Thumb Code     4  datavalue.o(.text)
    SetValue                                 0x0000611f   Thumb Code    24  datavalue.o(.text)
    TestValue                                0x00006137   Thumb Code    52  datavalue.o(.text)
    FloatToUint8                             0x0000616b   Thumb Code    30  datavalue.o(.text)
    Uint8ToFloat                             0x00006189   Thumb Code    18  datavalue.o(.text)
    FloatToBCDCode                           0x0000619b   Thumb Code    84  datavalue.o(.text)
    BCDCodeToFloat                           0x000061ef   Thumb Code    92  datavalue.o(.text)
    MainPanel                                0x00006269   Thumb Code   206  panel.o(.text)
    VoltageGet                               0x00006375   Thumb Code     4  test.o(.text)
    EletricityGet                            0x00006379   Thumb Code     4  test.o(.text)
    ResistanceGet                            0x0000637d   Thumb Code     4  test.o(.text)
    StepGet                                  0x00006381   Thumb Code     4  test.o(.text)
    FileGet                                  0x00006385   Thumb Code     4  test.o(.text)
    ExamineSelf                              0x00006389   Thumb Code     4  test.o(.text)
    FAN_Ctrol                                0x0000638d   Thumb Code   102  test.o(.text)
    TemperatureSet                           0x000063f3   Thumb Code    10  test.o(.text)
    GetADValue                               0x000063fd   Thumb Code   434  test.o(.text)
    AT24Cxx_Control                          0x0000691d   Thumb Code   110  readandwrite.o(.text)
    AT24Cxx_Check                            0x00006b6f   Thumb Code    84  readandwrite.o(.text)
    AT24Cxx_Init                             0x00006bc3   Thumb Code    74  readandwrite.o(.text)
    AT24Cxx_Read                             0x00006c0d   Thumb Code    32  readandwrite.o(.text)
    AT24Cxx_Write                            0x00006c2d   Thumb Code    32  readandwrite.o(.text)
    CheckResValue                            0x00006c4d   Thumb Code    70  readandwrite.o(.text)
    ReadResValue                             0x00006c93   Thumb Code   166  readandwrite.o(.text)
    ReadSystem                               0x00006d39   Thumb Code   102  readandwrite.o(.text)
    SPIGetData                               0x00006dc1   Thumb Code   182  ad.o(.text)
    ADC_IRQHandler                           0x00006e77   Thumb Code    68  ad.o(.text)
    EINT2_IRQHandler                         0x00006ebb   Thumb Code   144  ad.o(.text)
    SPI_IRQHandler                           0x00006f4b   Thumb Code    14  ad.o(.text)
    LTC2440_Open                             0x00006f59   Thumb Code   214  ad.o(.text)
    LTC2440_Control                          0x0000702f   Thumb Code    18  ad.o(.text)
    GetSamFinishFlag                         0x00007041   Thumb Code    22  ad.o(.text)
    DEV_AD_SelfChk                           0x00007057   Thumb Code   194  ad.o(.text)
    __aeabi_ldivmod                          0x00007179   Thumb Code     0  llsdiv.o(.text)
    _ll_sdiv                                 0x00007179   Thumb Code    72  llsdiv.o(.text)
    __aeabi_memcpy4                          0x000071c1   Thumb Code     0  rt_memcpy_w.o(.text)
    __aeabi_memcpy8                          0x000071c1   Thumb Code     0  rt_memcpy_w.o(.text)
    __rt_memcpy_w                            0x000071c1   Thumb Code   100  rt_memcpy_w.o(.text)
    _memcpy_lastbytes_aligned                0x00007209   Thumb Code     0  rt_memcpy_w.o(.text)
    __aeabi_memclr4                          0x00007225   Thumb Code     0  rt_memclr_w.o(.text)
    __aeabi_memclr8                          0x00007225   Thumb Code     0  rt_memclr_w.o(.text)
    __rt_memclr_w                            0x00007225   Thumb Code    78  rt_memclr_w.o(.text)
    _memset_w                                0x00007229   Thumb Code     0  rt_memclr_w.o(.text)
    __aeabi_uldivmod                         0x00007273   Thumb Code     0  lludivv7m.o(.text)
    _ll_udiv                                 0x00007273   Thumb Code   238  lludivv7m.o(.text)
    __read_errno                             0x00007361   Thumb Code    10  _rserrno.o(.text)
    __set_errno                              0x0000736b   Thumb Code    12  _rserrno.o(.text)
    __aeabi_errno_addr                       0x00007379   Thumb Code     8  rt_errno_addr_intlibspace.o(.text)
    __errno$intlibspace                      0x00007379   Thumb Code     0  rt_errno_addr_intlibspace.o(.text)
    __rt_errno_addr$intlibspace              0x00007379   Thumb Code     0  rt_errno_addr_intlibspace.o(.text)
    __user_libspace                          0x00007381   Thumb Code     8  libspace.o(.text)
    __user_perproc_libspace                  0x00007381   Thumb Code     0  libspace.o(.text)
    __user_perthread_libspace                0x00007381   Thumb Code     0  libspace.o(.text)
    __user_setup_stackheap                   0x00007389   Thumb Code    74  sys_stackheap_outer.o(.text)
    exit                                     0x000073d3   Thumb Code    12  exit.o(.text)
    _sys_exit                                0x000073e1   Thumb Code     8  sys_exit.o(.text)
    OS_CPU_SR_Save                           0x000073ed   Thumb Code     0  os_cpu_a.o(OSKernelschedular)
    __semihosting_library_function           0x000073ed   Thumb Code     0  indicate_semi.o(.text)
    OS_CPU_SR_Restore                        0x000073f5   Thumb Code     0  os_cpu_a.o(OSKernelschedular)
    OSStartHighRdy                           0x000073fb   Thumb Code     0  os_cpu_a.o(OSKernelschedular)
    OSCtxSw                                  0x0000741b   Thumb Code     0  os_cpu_a.o(OSKernelschedular)
    OSIntCtxSw                               0x00007425   Thumb Code     0  os_cpu_a.o(OSKernelschedular)
    OS_CPU_PendSVHandler                     0x0000742f   Thumb Code     0  os_cpu_a.o(OSKernelschedular)
    __ARM_fpclassify                         0x00007491   Thumb Code    40  fpclassify.o(i.__ARM_fpclassify)
    __kernel_poly                            0x000074b9   Thumb Code   170  poly.o(i.__kernel_poly)
    __mathlib_dbl_underflow                  0x00007565   Thumb Code    10  dunder.o(i.__mathlib_dbl_underflow)
    pow                                      0x00007575   Thumb Code  2510  pow.o(i.pow)
    sqrt                                     0x00007f55   Thumb Code    76  sqrt.o(i.sqrt)
    __aeabi_d2f                              0x00007fa1   Thumb Code     0  d2f.o(x$fpl$d2f)
    _d2f                                     0x00007fa1   Thumb Code    98  d2f.o(x$fpl$d2f)
    __aeabi_dadd                             0x00008005   Thumb Code     0  daddsub_clz.o(x$fpl$dadd)
    _dadd                                    0x00008005   Thumb Code   332  daddsub_clz.o(x$fpl$dadd)
    __fpl_dcheck_NaN1                        0x00008155   Thumb Code    10  dcheck1.o(x$fpl$dcheck1)
    __fpl_dcmp_Inf                           0x00008165   Thumb Code    24  dcmpi.o(x$fpl$dcmpinf)
    __aeabi_ddiv                             0x0000817d   Thumb Code     0  ddiv.o(x$fpl$ddiv)
    _ddiv                                    0x0000817d   Thumb Code   552  ddiv.o(x$fpl$ddiv)
    __aeabi_d2iz                             0x0000842d   Thumb Code     0  dfix.o(x$fpl$dfix)
    _dfix                                    0x0000842d   Thumb Code    94  dfix.o(x$fpl$dfix)
    __aeabi_d2uiz                            0x0000848d   Thumb Code     0  dfixu.o(x$fpl$dfixu)
    _dfixu                                   0x0000848d   Thumb Code    90  dfixu.o(x$fpl$dfixu)
    __aeabi_i2d                              0x000084e7   Thumb Code     0  dflt_clz.o(x$fpl$dflt)
    _dflt                                    0x000084e7   Thumb Code    46  dflt_clz.o(x$fpl$dflt)
    __aeabi_ui2d                             0x00008515   Thumb Code     0  dflt_clz.o(x$fpl$dfltu)
    _dfltu                                   0x00008515   Thumb Code    38  dflt_clz.o(x$fpl$dfltu)
    __aeabi_cdcmple                          0x0000853d   Thumb Code     0  dleqf.o(x$fpl$dleqf)
    _dcmple                                  0x0000853d   Thumb Code   120  dleqf.o(x$fpl$dleqf)
    __fpl_dcmple_InfNaN                      0x0000859f   Thumb Code     0  dleqf.o(x$fpl$dleqf)
    __aeabi_dmul                             0x000085b5   Thumb Code     0  dmul.o(x$fpl$dmul)
    _dmul                                    0x000085b5   Thumb Code   332  dmul.o(x$fpl$dmul)
    __fpl_dnaninf                            0x00008709   Thumb Code   156  dnaninf.o(x$fpl$dnaninf)
    __fpl_dretinf                            0x000087a5   Thumb Code    12  dretinf.o(x$fpl$dretinf)
    __aeabi_cdrcmple                         0x000087b1   Thumb Code     0  drleqf.o(x$fpl$drleqf)
    _drcmple                                 0x000087b1   Thumb Code   108  drleqf.o(x$fpl$drleqf)
    __aeabi_drsub                            0x0000881d   Thumb Code     0  daddsub_clz.o(x$fpl$drsb)
    _drsb                                    0x0000881d   Thumb Code    22  daddsub_clz.o(x$fpl$drsb)
    _dsqrt                                   0x00008835   Thumb Code   456  dsqrt_noumaal.o(x$fpl$dsqrt)
    __aeabi_dsub                             0x00008a01   Thumb Code     0  daddsub_clz.o(x$fpl$dsub)
    _dsub                                    0x00008a01   Thumb Code   464  daddsub_clz.o(x$fpl$dsub)
    __aeabi_f2d                              0x00008bd5   Thumb Code     0  f2d.o(x$fpl$f2d)
    _f2d                                     0x00008bd5   Thumb Code    86  f2d.o(x$fpl$f2d)
    __aeabi_fadd                             0x00008c2d   Thumb Code     0  faddsub_clz.o(x$fpl$fadd)
    _fadd                                    0x00008c2d   Thumb Code   196  faddsub_clz.o(x$fpl$fadd)
    __fpl_fcmp_Inf                           0x00008cf1   Thumb Code    24  fcmpi.o(x$fpl$fcmpinf)
    __aeabi_fdiv                             0x00008d09   Thumb Code     0  fdiv.o(x$fpl$fdiv)
    _fdiv                                    0x00008d09   Thumb Code   384  fdiv.o(x$fpl$fdiv)
    __aeabi_f2iz                             0x00008e8d   Thumb Code     0  ffix.o(x$fpl$ffix)
    _ffix                                    0x00008e8d   Thumb Code    54  ffix.o(x$fpl$ffix)
    __aeabi_f2uiz                            0x00008ec5   Thumb Code     0  ffixu.o(x$fpl$ffixu)
    _ffixu                                   0x00008ec5   Thumb Code    62  ffixu.o(x$fpl$ffixu)
    __aeabi_i2f                              0x00008f05   Thumb Code     0  fflt_clz.o(x$fpl$fflt)
    _fflt                                    0x00008f05   Thumb Code    48  fflt_clz.o(x$fpl$fflt)
    __aeabi_ui2f                             0x00008f35   Thumb Code     0  fflt_clz.o(x$fpl$ffltu)
    _ffltu                                   0x00008f35   Thumb Code    38  fflt_clz.o(x$fpl$ffltu)
    __aeabi_cfcmple                          0x00008f5d   Thumb Code     0  fleqf.o(x$fpl$fleqf)
    _fcmple                                  0x00008f5d   Thumb Code   104  fleqf.o(x$fpl$fleqf)
    __fpl_fcmple_InfNaN                      0x00008faf   Thumb Code     0  fleqf.o(x$fpl$fleqf)
    __aeabi_fmul                             0x00008fc5   Thumb Code     0  fmul.o(x$fpl$fmul)
    _fmul                                    0x00008fc5   Thumb Code   258  fmul.o(x$fpl$fmul)
    __fpl_fnaninf                            0x000090c7   Thumb Code   140  fnaninf.o(x$fpl$fnaninf)
    __fpl_fretinf                            0x00009153   Thumb Code    10  fretinf.o(x$fpl$fretinf)
    __aeabi_cfrcmple                         0x0000915d   Thumb Code     0  frleqf.o(x$fpl$frleqf)
    _frcmple                                 0x0000915d   Thumb Code    98  frleqf.o(x$fpl$frleqf)
    __aeabi_frsub                            0x000091bf   Thumb Code     0  faddsub_clz.o(x$fpl$frsb)
    _frsb                                    0x000091bf   Thumb Code    20  faddsub_clz.o(x$fpl$frsb)
    __aeabi_fsub                             0x000091d5   Thumb Code     0  faddsub_clz.o(x$fpl$fsub)
    _fsub                                    0x000091d5   Thumb Code   234  faddsub_clz.o(x$fpl$fsub)
    __fpl_return_NaN                         0x000092bf   Thumb Code   100  retnan.o(x$fpl$retnan)
    __ARM_scalbn                             0x00009323   Thumb Code    92  scalbn.o(x$fpl$scalbn)
    __fpl_cmpreturn                          0x0000937f   Thumb Code    48  trapv.o(x$fpl$trapveneer)
    OSUnMapTbl                               0x000093ae   Data         256  os_core.o(.constdata)
    __I$use$fp                               0x000093ae   Number         0  usenofp.o(x$fpl$usenofp)
    gpio_keycolumn                           0x000094ae   Data           6  key.o(.constdata)
    gpio_keyrow                              0x000094b4   Data          16  key.o(.constdata)
    __mathlib_zero                           0x00009550   Data           8  qnan.o(.constdata)
    Region$$Table$$Base                      0x00009638   Number         0  anon$$obj.o(Region$$Table)
    Region$$Table$$Limit                     0x00009658   Number         0  anon$$obj.o(Region$$Table)
    SystemFrequency                          0x10000000   Data           4  system_lpc17xx.o(.data)
    OSCtxSwCtr                               0x10000004   Data           4  os_core.o(.data)
    OSEventFreeList                          0x10000008   Data           4  os_core.o(.data)
    OSFlagFreeList                           0x1000000c   Data           4  os_core.o(.data)
    OSIntNesting                             0x10000010   Data           1  os_core.o(.data)
    OSLockNesting                            0x10000011   Data           1  os_core.o(.data)
    OSPrioCur                                0x10000012   Data           1  os_core.o(.data)
    OSPrioHighRdy                            0x10000013   Data           1  os_core.o(.data)
    OSRdyGrp                                 0x10000014   Data           1  os_core.o(.data)
    OSRdyTbl                                 0x10000015   Data           8  os_core.o(.data)
    OSRunning                                0x1000001d   Data           1  os_core.o(.data)
    OSTaskCtr                                0x1000001e   Data           1  os_core.o(.data)
    OSIdleCtr                                0x10000020   Data           4  os_core.o(.data)
    OSTCBCur                                 0x10000024   Data           4  os_core.o(.data)
    OSTCBFreeList                            0x10000028   Data           4  os_core.o(.data)
    OSTCBHighRdy                             0x1000002c   Data           4  os_core.o(.data)
    OSTCBList                                0x10000030   Data           4  os_core.o(.data)
    OSTickStepState                          0x10000034   Data           1  os_core.o(.data)
    OSMemFreeList                            0x10000038   Data           4  os_core.o(.data)
    OSQFreeList                              0x1000003c   Data           4  os_core.o(.data)
    OSTime                                   0x10000040   Data           4  os_core.o(.data)
    OSTmrFree                                0x10000044   Data           2  os_core.o(.data)
    OSTmrUsed                                0x10000046   Data           2  os_core.o(.data)
    OSTmrTime                                0x10000048   Data           4  os_core.o(.data)
    OSTmrSem                                 0x1000004c   Data           4  os_core.o(.data)
    OSTmrSemSignal                           0x10000050   Data           4  os_core.o(.data)
    OSTmrFreeList                            0x10000054   Data           4  os_core.o(.data)
    a                                        0x100007f6   Data           2  readandwrite.o(.data)
    b                                        0x100007f8   Data           2  readandwrite.o(.data)
    TaskStartStk                             0x100008d8   Data        2048  main.o(.bss)
    TaskStk                                  0x100011a8   Data        2048  taskcorr.o(.bss)
    OSEventTbl                               0x100019a8   Data         240  os_core.o(.bss)
    OSFlagTbl                                0x10001a98   Data          80  os_core.o(.bss)
    OSTaskIdleStk                            0x10001ae8   Data         512  os_core.o(.bss)
    OSTCBPrioTbl                             0x10001ce8   Data         256  os_core.o(.bss)
    OSTCBTbl                                 0x10001de8   Data        1848  os_core.o(.bss)
    OSMemTbl                                 0x10002520   Data         120  os_core.o(.bss)
    OSQTbl                                   0x10002598   Data          96  os_core.o(.bss)
    OSTmrTbl                                 0x100025f8   Data         640  os_core.o(.bss)
    OSTmrTaskStk                             0x10002878   Data         512  os_core.o(.bss)
    OSTmrWheelTbl                            0x10002a78   Data          64  os_core.o(.bss)
    set_Info                                 0x10002bc8   Data          88  keyfuntion.o(.bss)
    system_Info                              0x10002c20   Data          88  keyfuntion.o(.bss)
    g_AD_ADValue                             0x10002e24   Data         400  ad.o(.bss)
    __libspace_start                         0x10002fc0   Data          96  libspace.o(.bss)
    __temporary_stack_top$libspace           0x10003020   Data           0  libspace.o(.bss)



==============================================================================

Memory Map of the image

  Image Entry point : 0x000000cd

  Load Region LR_IROM1 (Base: 0x00000000, Size: 0x00009e60, Max: 0x00080000, ABSOLUTE, COMPRESSED[0x00009850])

    Execution Region ER_IROM1 (Base: 0x00000000, Size: 0x00009658, Max: 0x00080000, ABSOLUTE)

    Base Addr    Size         Type   Attr      Idx    E Section Name        Object

    0x00000000   0x000000cc   Data   RO           19    RESET               startup_lpc17xx.o
    0x000000cc   0x00000008   Code   RO          764  * !!!main             c_w.l(__main.o)
    0x000000d4   0x00000034   Code   RO         1051    !!!scatter          c_w.l(__scatter.o)
    0x00000108   0x0000005a   Code   RO         1049    !!dczerorl2         c_w.l(__dczerorl2.o)
    0x00000162   0x00000002   PAD
    0x00000164   0x0000001c   Code   RO         1053    !!handler_zi        c_w.l(__scatter_zi.o)
    0x00000180   0x00000002   Code   RO          915    .ARM.Collect$$libinit$$00000000  c_w.l(libinit.o)
    0x00000182   0x00000000   Code   RO          927    .ARM.Collect$$libinit$$00000002  c_w.l(libinit2.o)
    0x00000182   0x00000000   Code   RO          930    .ARM.Collect$$libinit$$00000008  c_w.l(libinit2.o)
    0x00000182   0x00000000   Code   RO          932    .ARM.Collect$$libinit$$0000000A  c_w.l(libinit2.o)
    0x00000182   0x00000000   Code   RO          934    .ARM.Collect$$libinit$$0000000C  c_w.l(libinit2.o)
    0x00000182   0x00000000   Code   RO          937    .ARM.Collect$$libinit$$0000000F  c_w.l(libinit2.o)
    0x00000182   0x00000000   Code   RO          939    .ARM.Collect$$libinit$$00000011  c_w.l(libinit2.o)
    0x00000182   0x00000000   Code   RO          941    .ARM.Collect$$libinit$$00000013  c_w.l(libinit2.o)
    0x00000182   0x00000000   Code   RO          943    .ARM.Collect$$libinit$$00000015  c_w.l(libinit2.o)
    0x00000182   0x00000000   Code   RO          945    .ARM.Collect$$libinit$$00000017  c_w.l(libinit2.o)
    0x00000182   0x00000000   Code   RO          947    .ARM.Collect$$libinit$$00000019  c_w.l(libinit2.o)
    0x00000182   0x00000000   Code   RO          949    .ARM.Collect$$libinit$$0000001B  c_w.l(libinit2.o)
    0x00000182   0x00000000   Code   RO          951    .ARM.Collect$$libinit$$0000001D  c_w.l(libinit2.o)
    0x00000182   0x00000000   Code   RO          953    .ARM.Collect$$libinit$$0000001F  c_w.l(libinit2.o)
    0x00000182   0x00000000   Code   RO          955    .ARM.Collect$$libinit$$00000021  c_w.l(libinit2.o)
    0x00000182   0x00000000   Code   RO          957    .ARM.Collect$$libinit$$00000023  c_w.l(libinit2.o)
    0x00000182   0x00000000   Code   RO          961    .ARM.Collect$$libinit$$0000002A  c_w.l(libinit2.o)
    0x00000182   0x00000000   Code   RO          963    .ARM.Collect$$libinit$$0000002C  c_w.l(libinit2.o)
    0x00000182   0x00000000   Code   RO          965    .ARM.Collect$$libinit$$0000002E  c_w.l(libinit2.o)
    0x00000182   0x00000000   Code   RO          967    .ARM.Collect$$libinit$$00000030  c_w.l(libinit2.o)
    0x00000182   0x00000002   Code   RO          968    .ARM.Collect$$libinit$$00000031  c_w.l(libinit2.o)
    0x00000184   0x00000002   Code   RO         1000    .ARM.Collect$$libshutdown$$00000000  c_w.l(libshutdown.o)
    0x00000186   0x00000000   Code   RO         1018    .ARM.Collect$$libshutdown$$00000003  c_w.l(libshutdown2.o)
    0x00000186   0x00000000   Code   RO         1021    .ARM.Collect$$libshutdown$$00000006  c_w.l(libshutdown2.o)
    0x00000186   0x00000000   Code   RO         1024    .ARM.Collect$$libshutdown$$00000009  c_w.l(libshutdown2.o)
    0x00000186   0x00000000   Code   RO         1026    .ARM.Collect$$libshutdown$$0000000B  c_w.l(libshutdown2.o)
    0x00000186   0x00000000   Code   RO         1029    .ARM.Collect$$libshutdown$$0000000E  c_w.l(libshutdown2.o)
    0x00000186   0x00000002   Code   RO         1030    .ARM.Collect$$libshutdown$$0000000F  c_w.l(libshutdown2.o)
    0x00000188   0x00000000   Code   RO          836    .ARM.Collect$$rtentry$$00000000  c_w.l(rtentry.o)
    0x00000188   0x00000000   Code   RO          872    .ARM.Collect$$rtentry$$00000002  c_w.l(rtentry2.o)
    0x00000188   0x00000006   Code   RO          884    .ARM.Collect$$rtentry$$00000004  c_w.l(rtentry4.o)
    0x0000018e   0x00000000   Code   RO          874    .ARM.Collect$$rtentry$$00000009  c_w.l(rtentry2.o)
    0x0000018e   0x00000004   Code   RO          875    .ARM.Collect$$rtentry$$0000000A  c_w.l(rtentry2.o)
    0x00000192   0x00000000   Code   RO          877    .ARM.Collect$$rtentry$$0000000C  c_w.l(rtentry2.o)
    0x00000192   0x00000008   Code   RO          878    .ARM.Collect$$rtentry$$0000000D  c_w.l(rtentry2.o)
    0x0000019a   0x00000002   Code   RO          920    .ARM.Collect$$rtexit$$00000000  c_w.l(rtexit.o)
    0x0000019c   0x00000000   Code   RO          972    .ARM.Collect$$rtexit$$00000002  c_w.l(rtexit2.o)
    0x0000019c   0x00000004   Code   RO          973    .ARM.Collect$$rtexit$$00000003  c_w.l(rtexit2.o)
    0x000001a0   0x00000006   Code   RO          974    .ARM.Collect$$rtexit$$00000004  c_w.l(rtexit2.o)
    0x000001a6   0x00000002   PAD
    0x000001a8   0x0000003c   Code   RO           21    .text               startup_lpc17xx.o
    0x000001e4   0x00000038   Code   RO          152    .text               taskcorr.o
    0x0000021c   0x0000002c   Code   RO          380    .text               buzzer.o
    0x00000248   0x0000002e   Code   RO          589    .text               delay.o
    0x00000276   0x00000040   Code   RO          695    .text               resreadandwrite.o
    0x000002b6   0x0000003e   Code   RO          756    .text               c_w.l(strlen.o)
    0x000002f4   0x00000006   Code   RO          762    .text               c_w.l(heapauxi.o)
    0x000002fa   0x00000002   Code   RO         1005    .text               c_w.l(use_no_semi.o)
    0x000002fc   0x00000004   Code   RO           20    .ARM.__at_0x02FC    startup_lpc17xx.o
    0x00000300   0x00000278   Code   RO           27    .text               system_lpc17xx.o
    0x00000578   0x000001f8   Code   RO           80    .text               main.o
    0x00000770   0x00000658   Code   RO          172    .text               os_tmr.o
    0x00000dc8   0x00000b88   Code   RO          184    .text               os_core.o
    0x00001950   0x0000080c   Code   RO          204    .text               os_flag.o
    0x0000215c   0x000001d4   Code   RO          228    .text               os_mem.o
    0x00002330   0x000005e4   Code   RO          252    .text               os_q.o
    0x00002914   0x000003a8   Code   RO          264    .text               os_sem.o
    0x00002cbc   0x00000830   Code   RO          276    .text               os_task.o
    0x000034ec   0x0000012c   Code   RO          303    .text               os_cpu_c.o
    0x00003618   0x00000a28   Code   RO          333    .text               bsp_gpio.o
    0x00004040   0x00000360   Code   RO          351    .text               bsp_timer.o
    0x000043a0   0x00000148   Code   RO          395    .text               eint.o
    0x000044e8   0x00000338   Code   RO          410    .text               uart.o
    0x00004820   0x00000214   Code   RO          431    .text               key.o
    0x00004a34   0x00000208   Code   RO          456    .text               move.o
    0x00004c3c   0x00000cd4   Code   RO          481    .text               keyfuntion.o
    0x00005910   0x00000208   Code   RO          526    .text               lcd.o
    0x00005b18   0x000004e8   Code   RO          544    .text               stringhandle.o
    0x00006000   0x00000268   Code   RO          566    .text               datavalue.o
    0x00006268   0x0000010c   Code   RO          607    .text               panel.o
    0x00006374   0x00000258   Code   RO          629    .text               test.o
    0x000065cc   0x000007d2   Code   RO          672    .text               readandwrite.o
    0x00006d9e   0x00000002   PAD
    0x00006da0   0x000003d8   Code   RO          712    .text               ad.o
    0x00007178   0x00000048   Code   RO          754    .text               c_w.l(llsdiv.o)
    0x000071c0   0x00000064   Code   RO          758    .text               c_w.l(rt_memcpy_w.o)
    0x00007224   0x0000004e   Code   RO          760    .text               c_w.l(rt_memclr_w.o)
    0x00007272   0x000000ee   Code   RO          837    .text               c_w.l(lludivv7m.o)
    0x00007360   0x00000016   Code   RO          839    .text               c_w.l(_rserrno.o)
    0x00007376   0x00000002   PAD
    0x00007378   0x00000008   Code   RO          893    .text               c_w.l(rt_errno_addr_intlibspace.o)
    0x00007380   0x00000008   Code   RO          901    .text               c_w.l(libspace.o)
    0x00007388   0x0000004a   Code   RO          904    .text               c_w.l(sys_stackheap_outer.o)
    0x000073d2   0x0000000c   Code   RO          908    .text               c_w.l(exit.o)
    0x000073de   0x00000002   PAD
    0x000073e0   0x0000000c   Code   RO          988    .text               c_w.l(sys_exit.o)
    0x000073ec   0x00000000   Code   RO         1007    .text               c_w.l(indicate_semi.o)
    0x000073ec   0x000000a4   Code   RO          300    OSKernelschedular   os_cpu_a.o
    0x00007490   0x00000028   Code   RO          858    i.__ARM_fpclassify  m_ws.l(fpclassify.o)
    0x000074b8   0x000000aa   Code   RO          860    i.__kernel_poly     m_ws.l(poly.o)
    0x00007562   0x00000002   PAD
    0x00007564   0x00000010   Code   RO          856    i.__mathlib_dbl_underflow  m_ws.l(dunder.o)
    0x00007574   0x000009e0   Code   RO          827    i.pow               m_ws.l(pow.o)
    0x00007f54   0x0000004c   Code   RO          864    i.sqrt              m_ws.l(sqrt.o)
    0x00007fa0   0x00000062   Code   RO          766    x$fpl$d2f           fz_ws.l(d2f.o)
    0x00008002   0x00000002   PAD
    0x00008004   0x00000150   Code   RO          768    x$fpl$dadd          fz_ws.l(daddsub_clz.o)
    0x00008154   0x00000010   Code   RO          895    x$fpl$dcheck1       fz_ws.l(dcheck1.o)
    0x00008164   0x00000018   Code   RO          916    x$fpl$dcmpinf       fz_ws.l(dcmpi.o)
    0x0000817c   0x000002b0   Code   RO          775    x$fpl$ddiv          fz_ws.l(ddiv.o)
    0x0000842c   0x0000005e   Code   RO          778    x$fpl$dfix          fz_ws.l(dfix.o)
    0x0000848a   0x00000002   PAD
    0x0000848c   0x0000005a   Code   RO          782    x$fpl$dfixu         fz_ws.l(dfixu.o)
    0x000084e6   0x0000002e   Code   RO          787    x$fpl$dflt          fz_ws.l(dflt_clz.o)
    0x00008514   0x00000026   Code   RO          786    x$fpl$dfltu         fz_ws.l(dflt_clz.o)
    0x0000853a   0x00000002   PAD
    0x0000853c   0x00000078   Code   RO          897    x$fpl$dleqf         fz_ws.l(dleqf.o)
    0x000085b4   0x00000154   Code   RO          792    x$fpl$dmul          fz_ws.l(dmul.o)
    0x00008708   0x0000009c   Code   RO          841    x$fpl$dnaninf       fz_ws.l(dnaninf.o)
    0x000087a4   0x0000000c   Code   RO          843    x$fpl$dretinf       fz_ws.l(dretinf.o)
    0x000087b0   0x0000006c   Code   RO          845    x$fpl$drleqf        fz_ws.l(drleqf.o)
    0x0000881c   0x00000016   Code   RO          769    x$fpl$drsb          fz_ws.l(daddsub_clz.o)
    0x00008832   0x00000002   PAD
    0x00008834   0x000001cc   Code   RO          899    x$fpl$dsqrt         fz_ws.l(dsqrt_noumaal.o)
    0x00008a00   0x000001d4   Code   RO          770    x$fpl$dsub          fz_ws.l(daddsub_clz.o)
    0x00008bd4   0x00000056   Code   RO          794    x$fpl$f2d           fz_ws.l(f2d.o)
    0x00008c2a   0x00000002   PAD
    0x00008c2c   0x000000c4   Code   RO          796    x$fpl$fadd          fz_ws.l(faddsub_clz.o)
    0x00008cf0   0x00000018   Code   RO          847    x$fpl$fcmpinf       fz_ws.l(fcmpi.o)
    0x00008d08   0x00000184   Code   RO          803    x$fpl$fdiv          fz_ws.l(fdiv.o)
    0x00008e8c   0x00000036   Code   RO          806    x$fpl$ffix          fz_ws.l(ffix.o)
    0x00008ec2   0x00000002   PAD
    0x00008ec4   0x0000003e   Code   RO          810    x$fpl$ffixu         fz_ws.l(ffixu.o)
    0x00008f02   0x00000002   PAD
    0x00008f04   0x00000030   Code   RO          815    x$fpl$fflt          fz_ws.l(fflt_clz.o)
    0x00008f34   0x00000026   Code   RO          814    x$fpl$ffltu         fz_ws.l(fflt_clz.o)
    0x00008f5a   0x00000002   PAD
    0x00008f5c   0x00000068   Code   RO          820    x$fpl$fleqf         fz_ws.l(fleqf.o)
    0x00008fc4   0x00000102   Code   RO          822    x$fpl$fmul          fz_ws.l(fmul.o)
    0x000090c6   0x0000008c   Code   RO          849    x$fpl$fnaninf       fz_ws.l(fnaninf.o)
    0x00009152   0x0000000a   Code   RO          851    x$fpl$fretinf       fz_ws.l(fretinf.o)
    0x0000915c   0x00000062   Code   RO          824    x$fpl$frleqf        fz_ws.l(frleqf.o)
    0x000091be   0x00000014   Code   RO          797    x$fpl$frsb          fz_ws.l(faddsub_clz.o)
    0x000091d2   0x00000002   PAD
    0x000091d4   0x000000ea   Code   RO          798    x$fpl$fsub          fz_ws.l(faddsub_clz.o)
    0x000092be   0x00000064   Code   RO          918    x$fpl$retnan        fz_ws.l(retnan.o)
    0x00009322   0x0000005c   Code   RO          853    x$fpl$scalbn        fz_ws.l(scalbn.o)
    0x0000937e   0x00000030   Code   RO          969    x$fpl$trapveneer    fz_ws.l(trapv.o)
    0x000093ae   0x00000000   Code   RO          855    x$fpl$usenofp       fz_ws.l(usenofp.o)
    0x000093ae   0x00000100   Data   RO          186    .constdata          os_core.o
    0x000094ae   0x00000016   Data   RO          432    .constdata          key.o
    0x000094c4   0x00000004   PAD
    0x000094c8   0x00000088   Data   RO          828    .constdata          m_ws.l(pow.o)
    0x00009550   0x00000008   Data   RO          862    .constdata          m_ws.l(qnan.o)
    0x00009558   0x000000dd   Data   RO          483    .conststring        keyfuntion.o
    0x00009635   0x00000003   PAD
    0x00009638   0x00000020   Data   RO         1047    Region$$Table       anon$$obj.o


    Execution Region RW_IRAM1 (Base: 0x10000000, Size: 0x00003220, Max: 0x00008000, ABSOLUTE, COMPRESSED[0x000001f8])

    Base Addr    Size         Type   Attr      Idx    E Section Name        Object

    0x10000000   0x00000004   Data   RW           28    .data               system_lpc17xx.o
    0x10000004   0x00000054   Data   RW          187    .data               os_core.o
    0x10000058   0x00000002   Data   RW          304    .data               os_cpu_c.o
    0x1000005a   0x00000004   Data   RW          352    .data               bsp_timer.o
    0x1000005e   0x0000000e   Data   RW          412    .data               uart.o
    0x1000006c   0x00000006   Data   RW          433    .data               key.o
    0x10000072   0x00000002   PAD
    0x10000074   0x00000278   Data   RW          484    .data               keyfuntion.o
    0x100002ec   0x00000260   Data   RW          569    .data               datavalue.o
    0x1000054c   0x00000008   Data   RW          630    .data               test.o
    0x10000554   0x000002a6   Data   RW          675    .data               readandwrite.o
    0x100007fa   0x00000002   PAD
    0x100007fc   0x0000000c   Data   RW          714    .data               ad.o
    0x10000808   0x000008d0   Zero   RW           81    .bss                main.o
    0x100010d8   0x000008d0   Zero   RW          153    .bss                taskcorr.o
    0x100019a8   0x00001110   Zero   RW          185    .bss                os_core.o
    0x10002ab8   0x00000040   Zero   RW          411    .bss                uart.o
    0x10002af8   0x00000180   Zero   RW          482    .bss                keyfuntion.o
    0x10002c78   0x000000d0   Zero   RW          567    .bss                datavalue.o
    0x10002d48   0x000000dc   Zero   RW          673    .bss                readandwrite.o
    0x10002e24   0x0000019a   Zero   RW          713    .bss                ad.o
    0x10002fbe   0x00000002   PAD
    0x10002fc0   0x00000060   Zero   RW          902    .bss                c_w.l(libspace.o)
    0x10003020   0x00000000   Zero   RW           18    HEAP                startup_lpc17xx.o
    0x10003020   0x00000200   Zero   RW           17    STACK               startup_lpc17xx.o


==============================================================================

Image component sizes


      Code (inc. data)   RO Data    RW Data    ZI Data      Debug   Object Name

       984         72          0         12        410      24316   ad.o
      2600        284          0          0          0       5856   bsp_gpio.o
       864         48          0          4          0       8923   bsp_timer.o
        44          0          0          0          0        590   buzzer.o
         0          0          0          0          0       4244   core_cm3.o
       616         30          0        608        208       5423   datavalue.o
        46          0          0          0          0        658   delay.o
       328         26          0          0          0       1318   eint.o
         0          0          0          0          0      25510   hello.o
       532         30         22          6          0       7817   key.o
      3284        242        221        632        384       5685   keyfuntion.o
       520          4          0          0          0       2311   lcd.o
       504          8          0          0       2256       5597   main.o
       520          4          0          0          0       3787   move.o
      2952        202        256         84       4368      19171   os_core.o
       164         32          0          0          0        248   os_cpu_a.o
       300         18          0          2          0      13709   os_cpu_c.o
      2060         42          0          0          0       6592   os_flag.o
       468         18          0          0          0       2896   os_mem.o
      1508         34          0          0          0       5313   os_q.o
       936         20          0          0          0       3710   os_sem.o
      2096         70          0          0          0       7417   os_task.o
      1624        134          0          0          0       5313   os_tmr.o
       268         62          0          0          0        620   panel.o
      2002         26          0        678        220       8900   readandwrite.o
        64          0          0          0          0        876   resreadandwrite.o
        64         26        204          0        512        888   startup_lpc17xx.o
      1256         10          0          0          0       4040   stringhandle.o
       632         82          0          4          0        921   system_lpc17xx.o
        56          8          0          0       2256       2697   taskcorr.o
       600         30          0          8          0       2845   test.o
       824         42          0         14         64       9055   uart.o

    ----------------------------------------------------------------------
     28718       1604        742       2056      10680     197246   Object Totals
         0          0         32          0          0          0   (incl. Generated)
         2          0          7          4          2          0   (incl. Padding)

    ----------------------------------------------------------------------

      Code (inc. data)   RO Data    RW Data    ZI Data      Debug   Library Member Name

        90          0          0          0          0          0   __dczerorl2.o
         8          0          0          0          0         68   __main.o
        52          8          0          0          0          0   __scatter.o
        28          0          0          0          0          0   __scatter_zi.o
        22          0          0          0          0        100   _rserrno.o
        12          0          0          0          0         72   exit.o
         6          0          0          0          0        152   heapauxi.o
         0          0          0          0          0          0   indicate_semi.o
         2          0          0          0          0          0   libinit.o
         2          0          0          0          0          0   libinit2.o
         2          0          0          0          0          0   libshutdown.o
         2          0          0          0          0          0   libshutdown2.o
         8          4          0          0         96         68   libspace.o
        72          0          0          0          0         76   llsdiv.o
       238          0          0          0          0        100   lludivv7m.o
         8          4          0          0          0         68   rt_errno_addr_intlibspace.o
        78          0          0          0          0         80   rt_memclr_w.o
       100          0          0          0          0         80   rt_memcpy_w.o
         0          0          0          0          0          0   rtentry.o
        12          0          0          0          0          0   rtentry2.o
         6          0          0          0          0          0   rtentry4.o
         2          0          0          0          0          0   rtexit.o
        10          0          0          0          0          0   rtexit2.o
        62          0          0          0          0         76   strlen.o
        12          4          0          0          0         68   sys_exit.o
        74          0          0          0          0         80   sys_stackheap_outer.o
         2          0          0          0          0         68   use_no_semi.o
        98          4          0          0          0         92   d2f.o
       826         16          0          0          0        348   daddsub_clz.o
        16          4          0          0          0         68   dcheck1.o
        24          0          0          0          0         68   dcmpi.o
       688        140          0          0          0        208   ddiv.o
        94          4          0          0          0         92   dfix.o
        90          4          0          0          0         92   dfixu.o
        84          0          0          0          0        136   dflt_clz.o
       120          4          0          0          0         92   dleqf.o
       340         12          0          0          0        104   dmul.o
       156          4          0          0          0         92   dnaninf.o
        12          0          0          0          0         68   dretinf.o
       108          0          0          0          0         80   drleqf.o
       460         56          0          0          0        120   dsqrt_noumaal.o
        86          4          0          0          0         84   f2d.o
       450          8          0          0          0        236   faddsub_clz.o
        24          0          0          0          0         68   fcmpi.o
       388         76          0          0          0         96   fdiv.o
        54          4          0          0          0         84   ffix.o
        62          4          0          0          0         84   ffixu.o
        86          0          0          0          0        136   fflt_clz.o
       104          4          0          0          0         84   fleqf.o
       258          4          0          0          0         84   fmul.o
       140          4          0          0          0         84   fnaninf.o
        10          0          0          0          0         68   fretinf.o
        98          0          0          0          0         68   frleqf.o
       100          0          0          0          0         68   retnan.o
        92          0          0          0          0         68   scalbn.o
        48          0          0          0          0         68   trapv.o
         0          0          0          0          0          0   usenofp.o
        16          6          0          0          0         68   dunder.o
        40          0          0          0          0         68   fpclassify.o
       170          0          0          0          0         96   poly.o
      2528        190        136          0          0        332   pow.o
         0          0          8          0          0          0   qnan.o
        76          0          0          0          0         84   sqrt.o

    ----------------------------------------------------------------------
      8884        572        144          0         96       4844   Library Totals
        28          0          0          0          0          0   (incl. Padding)

    ----------------------------------------------------------------------

      Code (inc. data)   RO Data    RW Data    ZI Data      Debug   Library Name

       910         20          0          0         96       1156   c_w.l
      5116        356          0          0          0       3040   fz_ws.l
      2830        196        144          0          0        648   m_ws.l

    ----------------------------------------------------------------------
      8884        572        144          0         96       4844   Library Totals

    ----------------------------------------------------------------------

==============================================================================


      Code (inc. data)   RO Data    RW Data    ZI Data      Debug   

     37602       2176        886       2056      10776     196838   Grand Totals
     37602       2176        886        504      10776     196838   ELF Image Totals (compressed)
     37602       2176        886        504          0          0   ROM Totals

==============================================================================

    Total RO  Size (Code + RO Data)                38488 (  37.59kB)
    Total RW  Size (RW Data + ZI Data)             12832 (  12.53kB)
    Total ROM Size (Code + RO Data + RW Data)      38992 (  38.08kB)

==============================================================================

